Component: ARM Compiler 5.06 update 7 (build 960) Tool: armlink [4d3601]

==============================================================================

Section Cross References

    main.o(i.RS485_Jump) refers to printfb.o(i.__0printf$bare) for __2printf
    main.o(i.RS485_Jump) refers to memseta.o(.text) for __aeabi_memclr
    main.o(i.RS485_Jump) refers to iap.o(i.iap_write_appbin) for iap_write_appbin
    main.o(i.RS485_Jump) refers to systick.o(i.delay_ms) for delay_ms
    main.o(i.RS485_Jump) refers to iap.o(i.iap_load_app) for iap_load_app
    main.o(i.RS485_Jump) refers to rs485.o(.ARM.__AT_0x20001000) for RS485_RX_BUF
    main.o(i.RS485_Jump) refers to rs485.o(.data) for RS485_RX_CNT
    main.o(i.RS485_Jump) refers to main.o(.data) for AppCodeLength
    main.o(i.main) refers to gd32f20x_misc.o(i.nvic_priority_group_set) for nvic_priority_group_set
    main.o(i.main) refers to systick.o(i.systick_config) for systick_config
    main.o(i.main) refers to usart.o(i.usart_config) for usart_config
    main.o(i.main) refers to led.o(i.led_gpio_init) for led_gpio_init
    main.o(i.main) refers to rs485.o(i.RS485_Init) for RS485_Init
    main.o(i.main) refers to led.o(i.led_toggle) for led_toggle
    main.o(i.main) refers to main.o(i.RS485_Jump) for RS485_Jump
    main.o(i.main) refers to main.o(.data) for AppCodeLength
    main.o(i.main) refers to rs485.o(.data) for RS485_RX_CNT
    systick.o(i.delay_1ms) refers to systick.o(.data) for delay
    systick.o(i.delay_decrement) refers to systick.o(.data) for delay
    systick.o(i.delay_ms) refers to systick.o(.data) for fac_ms
    systick.o(i.systick_config) refers to gd32f20x_misc.o(i.systick_clksource_set) for systick_clksource_set
    systick.o(i.systick_config) refers to system_gd32f20x.o(.data) for SystemCoreClock
    systick.o(i.systick_config) refers to systick.o(.data) for fac_us
    usart.o(i.USART0_IRQHandler) refers to gd32f20x_usart.o(i.usart_interrupt_flag_get) for usart_interrupt_flag_get
    usart.o(i.USART0_IRQHandler) refers to gd32f20x_usart.o(i.usart_data_receive) for usart_data_receive
    usart.o(i.USART0_IRQHandler) refers to usart.o(.data) for USART_RX_CNT
    usart.o(i.USART0_IRQHandler) refers to usart.o(.bss) for USART_RX_BUF
    usart.o(i.fgetc) refers to gd32f20x_usart.o(i.usart_data_receive) for usart_data_receive
    usart.o(i.fputc) refers to gd32f20x_usart.o(i.usart_data_transmit) for usart_data_transmit
    usart.o(i.fputc) refers to gd32f20x_usart.o(i.usart_flag_get) for usart_flag_get
    usart.o(i.usart_config) refers to gd32f20x_rcu.o(i.rcu_periph_clock_enable) for rcu_periph_clock_enable
    usart.o(i.usart_config) refers to gd32f20x_gpio.o(i.gpio_init) for gpio_init
    usart.o(i.usart_config) refers to gd32f20x_usart.o(i.usart_deinit) for usart_deinit
    usart.o(i.usart_config) refers to gd32f20x_usart.o(i.usart_baudrate_set) for usart_baudrate_set
    usart.o(i.usart_config) refers to gd32f20x_usart.o(i.usart_word_length_set) for usart_word_length_set
    usart.o(i.usart_config) refers to gd32f20x_usart.o(i.usart_stop_bit_set) for usart_stop_bit_set
    usart.o(i.usart_config) refers to gd32f20x_usart.o(i.usart_parity_config) for usart_parity_config
    usart.o(i.usart_config) refers to gd32f20x_usart.o(i.usart_hardware_flow_rts_config) for usart_hardware_flow_rts_config
    usart.o(i.usart_config) refers to gd32f20x_usart.o(i.usart_hardware_flow_cts_config) for usart_hardware_flow_cts_config
    usart.o(i.usart_config) refers to gd32f20x_usart.o(i.usart_receive_config) for usart_receive_config
    usart.o(i.usart_config) refers to gd32f20x_usart.o(i.usart_transmit_config) for usart_transmit_config
    usart.o(i.usart_config) refers to gd32f20x_usart.o(i.usart_enable) for usart_enable
    usart.o(i.usart_config) refers to gd32f20x_usart.o(i.usart_interrupt_enable) for usart_interrupt_enable
    usart.o(i.usart_config) refers to gd32f20x_misc.o(i.nvic_irq_enable) for nvic_irq_enable
    rs485.o(i.RS485_Init) refers to gd32f20x_rcu.o(i.rcu_periph_clock_enable) for rcu_periph_clock_enable
    rs485.o(i.RS485_Init) refers to gd32f20x_gpio.o(i.gpio_init) for gpio_init
    rs485.o(i.RS485_Init) refers to gd32f20x_gpio.o(i.gpio_bit_reset) for gpio_bit_reset
    rs485.o(i.RS485_Init) refers to gd32f20x_gpio.o(i.gpio_pin_remap1_config) for gpio_pin_remap1_config
    rs485.o(i.RS485_Init) refers to gd32f20x_usart.o(i.usart_deinit) for usart_deinit
    rs485.o(i.RS485_Init) refers to gd32f20x_usart.o(i.usart_baudrate_set) for usart_baudrate_set
    rs485.o(i.RS485_Init) refers to gd32f20x_usart.o(i.usart_word_length_set) for usart_word_length_set
    rs485.o(i.RS485_Init) refers to gd32f20x_usart.o(i.usart_stop_bit_set) for usart_stop_bit_set
    rs485.o(i.RS485_Init) refers to gd32f20x_usart.o(i.usart_parity_config) for usart_parity_config
    rs485.o(i.RS485_Init) refers to gd32f20x_usart.o(i.usart_hardware_flow_rts_config) for usart_hardware_flow_rts_config
[...]
    Removing gd32f20x_exmc.o(i.exmc_sdram_readsample_config), (40 bytes).
    Removing gd32f20x_exmc.o(i.exmc_sdram_readsample_disable), (24 bytes).
    Removing gd32f20x_exmc.o(i.exmc_sdram_readsample_enable), (24 bytes).
    Removing gd32f20x_exmc.o(i.exmc_sdram_refresh_count_set), (36 bytes).
    Removing gd32f20x_exmc.o(i.exmc_sdram_struct_command_para_init), (16 bytes).
    Removing gd32f20x_exmc.o(i.exmc_sdram_struct_para_init), (66 bytes).
    Removing gd32f20x_exmc.o(i.exmc_sdram_write_protection_config), (64 bytes).
    Removing gd32f20x_exmc.o(i.exmc_sqpipsram_deinit), (44 bytes).
    Removing gd32f20x_exmc.o(i.exmc_sqpipsram_high_id_get), (12 bytes).
    Removing gd32f20x_exmc.o(i.exmc_sqpipsram_init), (24 bytes).
    Removing gd32f20x_exmc.o(i.exmc_sqpipsram_low_id_get), (12 bytes).
    Removing gd32f20x_exmc.o(i.exmc_sqpipsram_read_command_set), (28 bytes).
    Removing gd32f20x_exmc.o(i.exmc_sqpipsram_read_id_command_send), (24 bytes).
    Removing gd32f20x_exmc.o(i.exmc_sqpipsram_send_command_state_get), (48 bytes).
    Removing gd32f20x_exmc.o(i.exmc_sqpipsram_struct_para_init), (20 bytes).
    Removing gd32f20x_exmc.o(i.exmc_sqpipsram_write_cmd_send), (24 bytes).
    Removing gd32f20x_exmc.o(i.exmc_sqpipsram_write_command_set), (28 bytes).
    Removing gd32f20x_exti.o(.rev16_text), (4 bytes).
    Removing gd32f20x_exti.o(.revsh_text), (4 bytes).
    Removing gd32f20x_exti.o(i.exti_deinit), (28 bytes).
    Removing gd32f20x_exti.o(i.exti_event_disable), (16 bytes).
    Removing gd32f20x_exti.o(i.exti_event_enable), (16 bytes).
    Removing gd32f20x_exti.o(i.exti_flag_clear), (12 bytes).
    Removing gd32f20x_exti.o(i.exti_flag_get), (24 bytes).
    Removing gd32f20x_exti.o(i.exti_init), (188 bytes).
    Removing gd32f20x_exti.o(i.exti_interrupt_disable), (16 bytes).
    Removing gd32f20x_exti.o(i.exti_interrupt_enable), (16 bytes).
    Removing gd32f20x_exti.o(i.exti_interrupt_flag_clear), (12 bytes).
    Removing gd32f20x_exti.o(i.exti_interrupt_flag_get), (24 bytes).
    Removing gd32f20x_exti.o(i.exti_software_interrupt_disable), (16 bytes).
    Removing gd32f20x_exti.o(i.exti_software_interrupt_enable), (16 bytes).
    Removing gd32f20x_fmc.o(.rev16_text), (4 bytes).
    Removing gd32f20x_fmc.o(.revsh_text), (4 bytes).
    Removing gd32f20x_fmc.o(i.fmc_bank0_erase), (68 bytes).
    Removing gd32f20x_fmc.o(i.fmc_bank0_lock), (20 bytes).
    Removing gd32f20x_fmc.o(i.fmc_bank0_unlock), (36 bytes).
    Removing gd32f20x_fmc.o(i.fmc_bank1_erase), (68 bytes).
    Removing gd32f20x_fmc.o(i.fmc_bank1_lock), (20 bytes).
    Removing gd32f20x_fmc.o(i.fmc_bank1_unlock), (36 bytes).
    Removing gd32f20x_fmc.o(i.fmc_flag_clear), (32 bytes).
    Removing gd32f20x_fmc.o(i.fmc_flag_get), (36 bytes).
    Removing gd32f20x_fmc.o(i.fmc_interrupt_disable), (32 bytes).
    Removing gd32f20x_fmc.o(i.fmc_interrupt_enable), (32 bytes).
    Removing gd32f20x_fmc.o(i.fmc_interrupt_flag_clear), (32 bytes).
    Removing gd32f20x_fmc.o(i.fmc_interrupt_flag_get), (108 bytes).
    Removing gd32f20x_fmc.o(i.fmc_mass_erase), (196 bytes).
    Removing gd32f20x_fmc.o(i.fmc_word_program), (192 bytes).
    Removing gd32f20x_fmc.o(i.fmc_wscnt_set), (24 bytes).
    Removing gd32f20x_fmc.o(i.ob_data_get), (16 bytes).
    Removing gd32f20x_fmc.o(i.ob_data_program), (68 bytes).
    Removing gd32f20x_fmc.o(i.ob_erase), (140 bytes).
    Removing gd32f20x_fmc.o(i.ob_lock), (20 bytes).
    Removing gd32f20x_fmc.o(i.ob_security_protection_config), (132 bytes).
    Removing gd32f20x_fmc.o(i.ob_spc_get), (24 bytes).
    Removing gd32f20x_fmc.o(i.ob_unlock), (48 bytes).
    Removing gd32f20x_fmc.o(i.ob_user_get), (16 bytes).
    Removing gd32f20x_fmc.o(i.ob_user_write), (96 bytes).
    Removing gd32f20x_fmc.o(i.ob_write_protection_enable), (168 bytes).
    Removing gd32f20x_fmc.o(i.ob_write_protection_get), (12 bytes).
    Removing gd32f20x_fwdgt.o(.rev16_text), (4 bytes).
    Removing gd32f20x_fwdgt.o(.revsh_text), (4 bytes).
    Removing gd32f20x_fwdgt.o(i.fwdgt_config), (104 bytes).
    Removing gd32f20x_fwdgt.o(i.fwdgt_counter_reload), (16 bytes).
    Removing gd32f20x_fwdgt.o(i.fwdgt_enable), (16 bytes).
    Removing gd32f20x_fwdgt.o(i.fwdgt_flag_get), (24 bytes).
    Removing gd32f20x_fwdgt.o(i.fwdgt_prescaler_value_config), (60 bytes).
    Removing gd32f20x_fwdgt.o(i.fwdgt_reload_value_config), (64 bytes).
    Removing gd32f20x_fwdgt.o(i.fwdgt_write_disable), (12 bytes).
    Removing gd32f20x_fwdgt.o(i.fwdgt_write_enable), (16 bytes).
    Removing gd32f20x_gpio.o(.rev16_text), (4 bytes).
    Removing gd32f20x_gpio.o(.revsh_text), (4 bytes).
    Removing gd32f20x_gpio.o(i.gpio_afio_deinit), (20 bytes).
    Removing gd32f20x_gpio.o(i.gpio_bit_write), (10 bytes).
    Removing gd32f20x_gpio.o(i.gpio_deinit), (244 bytes).
    Removing gd32f20x_gpio.o(i.gpio_ethernet_phy_select), (28 bytes).
    Removing gd32f20x_gpio.o(i.gpio_event_output_config), (28 bytes).
    Removing gd32f20x_gpio.o(i.gpio_event_output_disable), (20 bytes).
    Removing gd32f20x_gpio.o(i.gpio_event_output_enable), (20 bytes).
    Removing gd32f20x_gpio.o(i.gpio_exti_source_select), (152 bytes).
    Removing gd32f20x_gpio.o(i.gpio_input_bit_get), (16 bytes).
    Removing gd32f20x_gpio.o(i.gpio_input_port_get), (8 bytes).
    Removing gd32f20x_gpio.o(i.gpio_output_bit_get), (16 bytes).
    Removing gd32f20x_gpio.o(i.gpio_output_port_get), (8 bytes).
    Removing gd32f20x_gpio.o(i.gpio_pin_lock), (18 bytes).
    Removing gd32f20x_gpio.o(i.gpio_pin_remap_config), (144 bytes).
    Removing gd32f20x_gpio.o(i.gpio_port_write), (4 bytes).
    Removing gd32f20x_hau.o(.rev16_text), (4 bytes).
    Removing gd32f20x_hau.o(.revsh_text), (4 bytes).
    Removing gd32f20x_hau.o(i.hau_data_write), (12 bytes).
    Removing gd32f20x_hau.o(i.hau_deinit), (20 bytes).
    Removing gd32f20x_hau.o(i.hau_digest_calculation_enable), (20 bytes).
    Removing gd32f20x_hau.o(i.hau_digest_read), (72 bytes).
    Removing gd32f20x_hau.o(i.hau_dma_disable), (20 bytes).
    Removing gd32f20x_hau.o(i.hau_dma_enable), (20 bytes).
    Removing gd32f20x_hau.o(i.hau_flag_clear), (12 bytes).
    Removing gd32f20x_hau.o(i.hau_flag_get), (40 bytes).
    Removing gd32f20x_hau.o(i.hau_infifo_words_num_get), (16 bytes).
    Removing gd32f20x_hau.o(i.hau_init), (84 bytes).
    Removing gd32f20x_hau.o(i.hau_init_struct_para_init), (12 bytes).
    Removing gd32f20x_hau.o(i.hau_interrupt_disable), (16 bytes).
    Removing gd32f20x_hau.o(i.hau_interrupt_enable), (16 bytes).
    Removing gd32f20x_hau.o(i.hau_interrupt_flag_clear), (12 bytes).
    Removing gd32f20x_hau.o(i.hau_interrupt_flag_get), (28 bytes).
    Removing gd32f20x_hau.o(i.hau_last_word_validbits_num_config), (32 bytes).
    Removing gd32f20x_hau.o(i.hau_multiple_single_dma_config), (28 bytes).
    Removing gd32f20x_hau.o(i.hau_reset), (20 bytes).
    Removing gd32f20x_hau_sha_md5.o(.rev16_text), (4 bytes).
    Removing gd32f20x_hau_sha_md5.o(.revsh_text), (4 bytes).
    Removing gd32f20x_hau_sha_md5.o(i.hau_hash_calculate), (142 bytes).
    Removing gd32f20x_hau_sha_md5.o(i.hau_hash_md5), (32 bytes).
    Removing gd32f20x_hau_sha_md5.o(i.hau_hash_sha_1), (32 bytes).
    Removing gd32f20x_hau_sha_md5.o(i.hau_hash_sha_224), (34 bytes).
    Removing gd32f20x_hau_sha_md5.o(i.hau_hash_sha_256), (36 bytes).
    Removing gd32f20x_hau_sha_md5.o(i.hau_hmac_calculate), (304 bytes).
    Removing gd32f20x_hau_sha_md5.o(i.hau_hmac_md5), (44 bytes).
    Removing gd32f20x_hau_sha_md5.o(i.hau_hmac_sha_1), (44 bytes).
    Removing gd32f20x_hau_sha_md5.o(i.hau_hmac_sha_224), (46 bytes).
    Removing gd32f20x_hau_sha_md5.o(i.hau_hmac_sha_256), (48 bytes).
    Removing gd32f20x_hau_sha_md5.o(i.hau_sha_md5_digest_read), (258 bytes).
    Removing gd32f20x_i2c.o(.rev16_text), (4 bytes).
    Removing gd32f20x_i2c.o(.revsh_text), (4 bytes).
    Removing gd32f20x_i2c.o(i.i2c_ack_config), (16 bytes).
    Removing gd32f20x_i2c.o(i.i2c_ackpos_config), (16 bytes).
    Removing gd32f20x_i2c.o(i.i2c_clock_config), (228 bytes).
    Removing gd32f20x_i2c.o(i.i2c_data_receive), (8 bytes).
    Removing gd32f20x_i2c.o(i.i2c_data_transmit), (6 bytes).
    Removing gd32f20x_i2c.o(i.i2c_deinit), (88 bytes).
    Removing gd32f20x_i2c.o(i.i2c_disable), (10 bytes).
    Removing gd32f20x_i2c.o(i.i2c_dma_config), (16 bytes).
    Removing gd32f20x_i2c.o(i.i2c_dma_last_transfer_config), (16 bytes).
    Removing gd32f20x_i2c.o(i.i2c_dualaddr_disable), (10 bytes).
    Removing gd32f20x_i2c.o(i.i2c_dualaddr_enable), (12 bytes).
    Removing gd32f20x_i2c.o(i.i2c_enable), (10 bytes).
    Removing gd32f20x_i2c.o(i.i2c_flag_clear), (40 bytes).
    Removing gd32f20x_i2c.o(i.i2c_flag_get), (30 bytes).
    Removing gd32f20x_i2c.o(i.i2c_interrupt_disable), (26 bytes).
    Removing gd32f20x_i2c.o(i.i2c_interrupt_enable), (26 bytes).
    Removing gd32f20x_i2c.o(i.i2c_interrupt_flag_clear), (44 bytes).
    Removing gd32f20x_i2c.o(i.i2c_interrupt_flag_get), (92 bytes).
    Removing gd32f20x_i2c.o(i.i2c_master_addressing), (20 bytes).
    Removing gd32f20x_i2c.o(i.i2c_mode_addr_config), (28 bytes).
    Removing gd32f20x_i2c.o(i.i2c_pec_config), (16 bytes).
    Removing gd32f20x_i2c.o(i.i2c_pec_transfer_config), (16 bytes).
    Removing gd32f20x_i2c.o(i.i2c_pec_value_get), (10 bytes).
    Removing gd32f20x_i2c.o(i.i2c_slave_response_to_gcall_config), (16 bytes).
    Removing gd32f20x_i2c.o(i.i2c_smbus_alert_config), (16 bytes).
    Removing gd32f20x_i2c.o(i.i2c_smbus_arp_config), (16 bytes).
    Removing gd32f20x_i2c.o(i.i2c_smbus_type_config), (24 bytes).
    Removing gd32f20x_i2c.o(i.i2c_software_reset_config), (16 bytes).
    Removing gd32f20x_i2c.o(i.i2c_start_on_bus), (10 bytes).
    Removing gd32f20x_i2c.o(i.i2c_stop_on_bus), (10 bytes).
    Removing gd32f20x_i2c.o(i.i2c_stretch_scl_low_config), (16 bytes).
    Removing gd32f20x_misc.o(.rev16_text), (4 bytes).
    Removing gd32f20x_misc.o(.revsh_text), (4 bytes).
    Removing gd32f20x_misc.o(i.nvic_irq_disable), (24 bytes).
    Removing gd32f20x_misc.o(i.nvic_vector_table_set), (24 bytes).
    Removing gd32f20x_misc.o(i.system_lowpower_reset), (16 bytes).
    Removing gd32f20x_misc.o(i.system_lowpower_set), (16 bytes).
    Removing gd32f20x_pmu.o(.rev16_text), (4 bytes).
    Removing gd32f20x_pmu.o(.revsh_text), (4 bytes).
    Removing gd32f20x_pmu.o(i.pmu_backup_write_disable), (20 bytes).
    Removing gd32f20x_pmu.o(i.pmu_backup_write_enable), (20 bytes).
    Removing gd32f20x_pmu.o(i.pmu_deinit), (20 bytes).
    Removing gd32f20x_pmu.o(i.pmu_flag_clear), (48 bytes).
    Removing gd32f20x_pmu.o(i.pmu_flag_get), (24 bytes).
    Removing gd32f20x_pmu.o(i.pmu_lvd_disable), (20 bytes).
    Removing gd32f20x_pmu.o(i.pmu_lvd_select), (48 bytes).
    Removing gd32f20x_pmu.o(i.pmu_to_deepsleepmode), (196 bytes).
    Removing gd32f20x_pmu.o(i.pmu_to_sleepmode), (28 bytes).
    Removing gd32f20x_pmu.o(i.pmu_to_standbymode), (100 bytes).
    Removing gd32f20x_pmu.o(i.pmu_wakeup_pin_disable), (20 bytes).
    Removing gd32f20x_pmu.o(i.pmu_wakeup_pin_enable), (20 bytes).
    Removing gd32f20x_pmu.o(.bss), (16 bytes).
    Removing gd32f20x_rcu.o(.rev16_text), (4 bytes).
    Removing gd32f20x_rcu.o(.revsh_text), (4 bytes).
    Removing gd32f20x_rcu.o(i.rcu_adc_clock_config), (76 bytes).
    Removing gd32f20x_rcu.o(i.rcu_ahb_clock_config), (24 bytes).
    Removing gd32f20x_rcu.o(i.rcu_all_reset_flag_clear), (20 bytes).
    Removing gd32f20x_rcu.o(i.rcu_apb1_clock_config), (24 bytes).
    Removing gd32f20x_rcu.o(i.rcu_apb2_clock_config), (24 bytes).
    Removing gd32f20x_rcu.o(i.rcu_bkp_reset_disable), (20 bytes).
    Removing gd32f20x_rcu.o(i.rcu_bkp_reset_enable), (20 bytes).
    Removing gd32f20x_rcu.o(i.rcu_ckout0_config), (44 bytes).
    Removing gd32f20x_rcu.o(i.rcu_ckout1_config), (36 bytes).
    Removing gd32f20x_rcu.o(i.rcu_deepsleep_voltage_set), (16 bytes).
    Removing gd32f20x_rcu.o(i.rcu_deinit), (172 bytes).
    Removing gd32f20x_rcu.o(i.rcu_flag_get), (36 bytes).
    Removing gd32f20x_rcu.o(i.rcu_hxtal_clock_monitor_disable), (20 bytes).
    Removing gd32f20x_rcu.o(i.rcu_hxtal_clock_monitor_enable), (20 bytes).
    Removing gd32f20x_rcu.o(i.rcu_i2s1_clock_config), (24 bytes).
    Removing gd32f20x_rcu.o(i.rcu_i2s2_clock_config), (24 bytes).
    Removing gd32f20x_rcu.o(i.rcu_interrupt_disable), (32 bytes).
    Removing gd32f20x_rcu.o(i.rcu_interrupt_enable), (32 bytes).
    Removing gd32f20x_rcu.o(i.rcu_interrupt_flag_clear), (32 bytes).
    Removing gd32f20x_rcu.o(i.rcu_interrupt_flag_get), (36 bytes).
    Removing gd32f20x_rcu.o(i.rcu_irc8m_adjust_value_set), (28 bytes).
    Removing gd32f20x_rcu.o(i.rcu_lxtal_drive_capability_config), (24 bytes).
    Removing gd32f20x_rcu.o(i.rcu_osci_bypass_mode_disable), (112 bytes).
    Removing gd32f20x_rcu.o(i.rcu_osci_bypass_mode_enable), (112 bytes).
    Removing gd32f20x_rcu.o(i.rcu_osci_off), (32 bytes).
    Removing gd32f20x_rcu.o(i.rcu_osci_on), (32 bytes).
    Removing gd32f20x_rcu.o(i.rcu_osci_stab_wait), (348 bytes).
    Removing gd32f20x_rcu.o(i.rcu_periph_clock_disable), (32 bytes).
    Removing gd32f20x_rcu.o(i.rcu_periph_clock_sleep_disable), (32 bytes).
    Removing gd32f20x_rcu.o(i.rcu_periph_clock_sleep_enable), (32 bytes).
    Removing gd32f20x_rcu.o(i.rcu_pll1_config), (28 bytes).
    Removing gd32f20x_rcu.o(i.rcu_pll2_config), (28 bytes).
    Removing gd32f20x_rcu.o(i.rcu_pll_config), (32 bytes).
    Removing gd32f20x_rcu.o(i.rcu_pllt_config), (28 bytes).
    Removing gd32f20x_rcu.o(i.rcu_pllt_vco_config), (100 bytes).
    Removing gd32f20x_rcu.o(i.rcu_predv0_config), (32 bytes).
    Removing gd32f20x_rcu.o(i.rcu_predv1_config), (24 bytes).
    Removing gd32f20x_rcu.o(i.rcu_rtc_clock_config), (24 bytes).
    Removing gd32f20x_rcu.o(i.rcu_system_clock_source_config), (24 bytes).
    Removing gd32f20x_rcu.o(i.rcu_system_clock_source_get), (16 bytes).
    Removing gd32f20x_rcu.o(i.rcu_tli_clock_config), (28 bytes).
    Removing gd32f20x_rcu.o(i.rcu_usbfs_trng_clock_config), (24 bytes).
    Removing gd32f20x_rtc.o(.rev16_text), (4 bytes).
    Removing gd32f20x_rtc.o(.revsh_text), (4 bytes).
    Removing gd32f20x_rtc.o(i.rtc_alarm_config), (32 bytes).
    Removing gd32f20x_rtc.o(i.rtc_configuration_mode_enter), (20 bytes).
    Removing gd32f20x_rtc.o(i.rtc_configuration_mode_exit), (20 bytes).
    Removing gd32f20x_rtc.o(i.rtc_counter_get), (20 bytes).
    Removing gd32f20x_rtc.o(i.rtc_counter_set), (32 bytes).
    Removing gd32f20x_rtc.o(i.rtc_divider_get), (24 bytes).
    Removing gd32f20x_rtc.o(i.rtc_flag_clear), (16 bytes).
    Removing gd32f20x_rtc.o(i.rtc_flag_get), (24 bytes).
    Removing gd32f20x_rtc.o(i.rtc_interrupt_disable), (16 bytes).
    Removing gd32f20x_rtc.o(i.rtc_interrupt_enable), (16 bytes).
    Removing gd32f20x_rtc.o(i.rtc_lwoff_wait), (20 bytes).
    Removing gd32f20x_rtc.o(i.rtc_prescaler_set), (32 bytes).
    Removing gd32f20x_rtc.o(i.rtc_register_sync_wait), (32 bytes).
    Removing gd32f20x_sdio.o(.rev16_text), (4 bytes).
    Removing gd32f20x_sdio.o(.revsh_text), (4 bytes).
    Removing gd32f20x_sdio.o(i.sdio_bus_mode_set), (28 bytes).
    Removing gd32f20x_sdio.o(i.sdio_ceata_command_completion_disable), (20 bytes).
    Removing gd32f20x_sdio.o(i.sdio_ceata_command_completion_enable), (20 bytes).
    Removing gd32f20x_sdio.o(i.sdio_ceata_command_disable), (20 bytes).
    Removing gd32f20x_sdio.o(i.sdio_ceata_command_enable), (20 bytes).
    Removing gd32f20x_sdio.o(i.sdio_ceata_interrupt_disable), (20 bytes).
    Removing gd32f20x_sdio.o(i.sdio_ceata_interrupt_enable), (20 bytes).
    Removing gd32f20x_sdio.o(i.sdio_clock_config), (52 bytes).
    Removing gd32f20x_sdio.o(i.sdio_clock_disable), (20 bytes).
    Removing gd32f20x_sdio.o(i.sdio_clock_enable), (20 bytes).
    Removing gd32f20x_sdio.o(i.sdio_command_index_get), (12 bytes).
    Removing gd32f20x_sdio.o(i.sdio_command_response_config), (44 bytes).
    Removing gd32f20x_sdio.o(i.sdio_csm_disable), (20 bytes).
    Removing gd32f20x_sdio.o(i.sdio_csm_enable), (20 bytes).
    Removing gd32f20x_sdio.o(i.sdio_data_config), (52 bytes).
    Removing gd32f20x_sdio.o(i.sdio_data_counter_get), (12 bytes).
    Removing gd32f20x_sdio.o(i.sdio_data_read), (12 bytes).
    Removing gd32f20x_sdio.o(i.sdio_data_transfer_config), (28 bytes).
    Removing gd32f20x_sdio.o(i.sdio_data_write), (12 bytes).
    Removing gd32f20x_sdio.o(i.sdio_deinit), (28 bytes).
    Removing gd32f20x_sdio.o(i.sdio_dma_disable), (20 bytes).
    Removing gd32f20x_sdio.o(i.sdio_dma_enable), (20 bytes).
    Removing gd32f20x_sdio.o(i.sdio_dsm_disable), (20 bytes).
    Removing gd32f20x_sdio.o(i.sdio_dsm_enable), (20 bytes).
    Removing gd32f20x_sdio.o(i.sdio_fifo_counter_get), (12 bytes).
    Removing gd32f20x_sdio.o(i.sdio_flag_clear), (12 bytes).
    Removing gd32f20x_sdio.o(i.sdio_flag_get), (20 bytes).
    Removing gd32f20x_sdio.o(i.sdio_hardware_clock_disable), (20 bytes).
    Removing gd32f20x_sdio.o(i.sdio_hardware_clock_enable), (20 bytes).
    Removing gd32f20x_sdio.o(i.sdio_interrupt_disable), (16 bytes).
    Removing gd32f20x_sdio.o(i.sdio_interrupt_enable), (16 bytes).
    Removing gd32f20x_sdio.o(i.sdio_interrupt_flag_clear), (12 bytes).
    Removing gd32f20x_sdio.o(i.sdio_interrupt_flag_get), (36 bytes).
    Removing gd32f20x_sdio.o(i.sdio_operation_disable), (20 bytes).
    Removing gd32f20x_sdio.o(i.sdio_operation_enable), (20 bytes).
    Removing gd32f20x_sdio.o(i.sdio_power_state_get), (12 bytes).
    Removing gd32f20x_sdio.o(i.sdio_power_state_set), (12 bytes).
    Removing gd32f20x_sdio.o(i.sdio_readwait_disable), (20 bytes).
    Removing gd32f20x_sdio.o(i.sdio_readwait_enable), (20 bytes).
    Removing gd32f20x_sdio.o(i.sdio_readwait_type_set), (40 bytes).
    Removing gd32f20x_sdio.o(i.sdio_response_get), (56 bytes).
    Removing gd32f20x_sdio.o(i.sdio_stop_readwait_disable), (20 bytes).
    Removing gd32f20x_sdio.o(i.sdio_stop_readwait_enable), (20 bytes).
    Removing gd32f20x_sdio.o(i.sdio_suspend_disable), (20 bytes).
    Removing gd32f20x_sdio.o(i.sdio_suspend_enable), (20 bytes).
    Removing gd32f20x_sdio.o(i.sdio_wait_type_set), (28 bytes).
    Removing gd32f20x_spi.o(.rev16_text), (4 bytes).
    Removing gd32f20x_spi.o(.revsh_text), (4 bytes).
    Removing gd32f20x_spi.o(i.i2s_disable), (10 bytes).
    Removing gd32f20x_spi.o(i.i2s_enable), (10 bytes).
    Removing gd32f20x_spi.o(i.i2s_init), (28 bytes).
    Removing gd32f20x_spi.o(i.i2s_psc_config), (248 bytes).
    Removing gd32f20x_spi.o(i.spi_bidirectional_transfer_config), (26 bytes).
    Removing gd32f20x_spi.o(i.spi_crc_error_clear), (8 bytes).
    Removing gd32f20x_spi.o(i.spi_crc_get), (16 bytes).
    Removing gd32f20x_spi.o(i.spi_crc_next), (10 bytes).
    Removing gd32f20x_spi.o(i.spi_crc_off), (10 bytes).
    Removing gd32f20x_spi.o(i.spi_crc_on), (10 bytes).
    Removing gd32f20x_spi.o(i.spi_crc_polynomial_get), (8 bytes).
    Removing gd32f20x_spi.o(i.spi_crc_polynomial_set), (4 bytes).
    Removing gd32f20x_spi.o(i.spi_disable), (10 bytes).
    Removing gd32f20x_spi.o(i.spi_dma_disable), (22 bytes).
    Removing gd32f20x_spi.o(i.spi_dma_enable), (22 bytes).
    Removing gd32f20x_spi.o(i.spi_enable), (10 bytes).
    Removing gd32f20x_spi.o(i.spi_i2s_data_frame_format_config), (16 bytes).
    Removing gd32f20x_spi.o(i.spi_i2s_data_receive), (8 bytes).
    Removing gd32f20x_spi.o(i.spi_i2s_data_transmit), (4 bytes).
    Removing gd32f20x_spi.o(i.spi_i2s_deinit), (88 bytes).
    Removing gd32f20x_spi.o(i.spi_i2s_flag_get), (16 bytes).
    Removing gd32f20x_spi.o(i.spi_i2s_interrupt_disable), (8 bytes).
    Removing gd32f20x_spi.o(i.spi_i2s_interrupt_enable), (8 bytes).
    Removing gd32f20x_spi.o(i.spi_i2s_interrupt_flag_get), (100 bytes).
    Removing gd32f20x_spi.o(i.spi_init), (50 bytes).
    Removing gd32f20x_spi.o(i.spi_nss_internal_high), (10 bytes).
    Removing gd32f20x_spi.o(i.spi_nss_internal_low), (10 bytes).
    Removing gd32f20x_spi.o(i.spi_nss_output_disable), (10 bytes).
    Removing gd32f20x_spi.o(i.spi_nss_output_enable), (10 bytes).
    Removing gd32f20x_spi.o(i.spi_quad_disable), (14 bytes).
    Removing gd32f20x_spi.o(i.spi_quad_enable), (14 bytes).
    Removing gd32f20x_spi.o(i.spi_quad_io23_output_disable), (14 bytes).
    Removing gd32f20x_spi.o(i.spi_quad_io23_output_enable), (14 bytes).
    Removing gd32f20x_spi.o(i.spi_quad_read_enable), (14 bytes).
    Removing gd32f20x_spi.o(i.spi_quad_write_enable), (14 bytes).
    Removing gd32f20x_spi.o(i.spi_struct_para_init), (18 bytes).
    Removing gd32f20x_timer.o(.rev16_text), (4 bytes).
    Removing gd32f20x_timer.o(.revsh_text), (4 bytes).
    Removing gd32f20x_timer.o(i.timer_auto_reload_shadow_disable), (10 bytes).
    Removing gd32f20x_timer.o(i.timer_auto_reload_shadow_enable), (10 bytes).
    Removing gd32f20x_timer.o(i.timer_automatic_output_disable), (10 bytes).
    Removing gd32f20x_timer.o(i.timer_automatic_output_enable), (10 bytes).
    Removing gd32f20x_timer.o(i.timer_autoreload_value_config), (4 bytes).
    Removing gd32f20x_timer.o(i.timer_break_config), (30 bytes).
    Removing gd32f20x_timer.o(i.timer_break_disable), (10 bytes).
    Removing gd32f20x_timer.o(i.timer_break_enable), (10 bytes).
    Removing gd32f20x_timer.o(i.timer_break_struct_para_init), (18 bytes).
    Removing gd32f20x_timer.o(i.timer_channel_capture_value_register_read), (42 bytes).
    Removing gd32f20x_timer.o(i.timer_channel_complementary_output_polarity_config), (70 bytes).
    Removing gd32f20x_timer.o(i.timer_channel_complementary_output_state_config), (70 bytes).
    Removing gd32f20x_timer.o(i.timer_channel_control_shadow_config), (24 bytes).
    Removing gd32f20x_timer.o(i.timer_channel_control_shadow_update_config), (26 bytes).
    Removing gd32f20x_timer.o(i.timer_channel_dma_request_source_select), (26 bytes).
    Removing gd32f20x_timer.o(i.timer_channel_input_capture_prescaler_config), (90 bytes).
    Removing gd32f20x_timer.o(i.timer_channel_input_struct_para_init), (16 bytes).
    Removing gd32f20x_timer.o(i.timer_channel_output_clear_config), (90 bytes).
    Removing gd32f20x_timer.o(i.timer_channel_output_config), (492 bytes).
    Removing gd32f20x_timer.o(i.timer_channel_output_fast_config), (90 bytes).
    Removing gd32f20x_timer.o(i.timer_channel_output_mode_config), (90 bytes).
    Removing gd32f20x_timer.o(i.timer_channel_output_polarity_config), (92 bytes).
    Removing gd32f20x_timer.o(i.timer_channel_output_pulse_value_config), (38 bytes).
    Removing gd32f20x_timer.o(i.timer_channel_output_shadow_config), (90 bytes).
    Removing gd32f20x_timer.o(i.timer_channel_output_state_config), (92 bytes).
    Removing gd32f20x_timer.o(i.timer_channel_output_struct_para_init), (16 bytes).
    Removing gd32f20x_timer.o(i.timer_counter_alignment), (16 bytes).
    Removing gd32f20x_timer.o(i.timer_counter_down_direction), (10 bytes).
    Removing gd32f20x_timer.o(i.timer_counter_read), (8 bytes).
    Removing gd32f20x_timer.o(i.timer_counter_up_direction), (10 bytes).
    Removing gd32f20x_timer.o(i.timer_counter_value_config), (4 bytes).
    Removing gd32f20x_timer.o(i.timer_deinit), (388 bytes).
    Removing gd32f20x_timer.o(i.timer_disable), (10 bytes).
    Removing gd32f20x_timer.o(i.timer_dma_disable), (8 bytes).
    Removing gd32f20x_timer.o(i.timer_dma_enable), (8 bytes).
    Removing gd32f20x_timer.o(i.timer_dma_transfer_config), (24 bytes).
    Removing gd32f20x_timer.o(i.timer_enable), (10 bytes).
    Removing gd32f20x_timer.o(i.timer_event_software_generate), (8 bytes).
    Removing gd32f20x_timer.o(i.timer_external_clock_mode0_config), (42 bytes).
    Removing gd32f20x_timer.o(i.timer_external_clock_mode1_config), (32 bytes).
    Removing gd32f20x_timer.o(i.timer_external_clock_mode1_disable), (10 bytes).
    Removing gd32f20x_timer.o(i.timer_external_trigger_as_external_clock_config), (168 bytes).
    Removing gd32f20x_timer.o(i.timer_external_trigger_config), (30 bytes).
    Removing gd32f20x_timer.o(i.timer_flag_clear), (6 bytes).
    Removing gd32f20x_timer.o(i.timer_flag_get), (16 bytes).
    Removing gd32f20x_timer.o(i.timer_hall_mode_config), (26 bytes).
    Removing gd32f20x_timer.o(i.timer_init), (224 bytes).
    Removing gd32f20x_timer.o(i.timer_input_capture_config), (326 bytes).
    Removing gd32f20x_timer.o(i.timer_input_pwm_capture_config), (356 bytes).
    Removing gd32f20x_timer.o(i.timer_input_trigger_source_select), (14 bytes).
    Removing gd32f20x_timer.o(i.timer_internal_clock_config), (10 bytes).
    Removing gd32f20x_timer.o(i.timer_internal_trigger_as_external_clock_config), (32 bytes).
    Removing gd32f20x_timer.o(i.timer_interrupt_disable), (8 bytes).
    Removing gd32f20x_timer.o(i.timer_interrupt_enable), (8 bytes).
    Removing gd32f20x_timer.o(i.timer_interrupt_flag_clear), (6 bytes).
    Removing gd32f20x_timer.o(i.timer_interrupt_flag_get), (24 bytes).
    Removing gd32f20x_timer.o(i.timer_master_output_trigger_source_select), (16 bytes).
    Removing gd32f20x_timer.o(i.timer_master_slave_mode_config), (26 bytes).
    Removing gd32f20x_timer.o(i.timer_prescaler_config), (14 bytes).
    Removing gd32f20x_timer.o(i.timer_prescaler_read), (10 bytes).
    Removing gd32f20x_timer.o(i.timer_primary_output_config), (24 bytes).
    Removing gd32f20x_timer.o(i.timer_quadrature_decoder_mode_config), (64 bytes).
    Removing gd32f20x_timer.o(i.timer_repetition_value_config), (4 bytes).
    Removing gd32f20x_timer.o(i.timer_single_pulse_mode_config), (26 bytes).
    Removing gd32f20x_timer.o(i.timer_slave_mode_select), (16 bytes).
    Removing gd32f20x_timer.o(i.timer_struct_para_init), (22 bytes).
    Removing gd32f20x_timer.o(i.timer_update_event_disable), (10 bytes).
    Removing gd32f20x_timer.o(i.timer_update_event_enable), (10 bytes).
    Removing gd32f20x_timer.o(i.timer_update_source_config), (26 bytes).
    Removing gd32f20x_tli.o(.rev16_text), (4 bytes).
    Removing gd32f20x_tli.o(.revsh_text), (4 bytes).
    Removing gd32f20x_tli.o(i.tli_color_key_disable), (14 bytes).
    Removing gd32f20x_tli.o(i.tli_color_key_enable), (14 bytes).
    Removing gd32f20x_tli.o(i.tli_color_key_init), (16 bytes).
    Removing gd32f20x_tli.o(i.tli_current_pos_get), (12 bytes).
    Removing gd32f20x_tli.o(i.tli_deinit), (20 bytes).
    Removing gd32f20x_tli.o(i.tli_disable), (20 bytes).
    Removing gd32f20x_tli.o(i.tli_dither_config), (36 bytes).
    Removing gd32f20x_tli.o(i.tli_enable), (20 bytes).
    Removing gd32f20x_tli.o(i.tli_flag_get), (36 bytes).
    Removing gd32f20x_tli.o(i.tli_init), (188 bytes).
    Removing gd32f20x_tli.o(i.tli_interrupt_disable), (16 bytes).
    Removing gd32f20x_tli.o(i.tli_interrupt_enable), (16 bytes).
    Removing gd32f20x_tli.o(i.tli_interrupt_flag_clear), (16 bytes).
    Removing gd32f20x_tli.o(i.tli_interrupt_flag_get), (36 bytes).
    Removing gd32f20x_tli.o(i.tli_layer_disable), (14 bytes).
    Removing gd32f20x_tli.o(i.tli_layer_enable), (14 bytes).
    Removing gd32f20x_tli.o(i.tli_layer_init), (152 bytes).
    Removing gd32f20x_tli.o(i.tli_layer_struct_para_init), (48 bytes).
    Removing gd32f20x_tli.o(i.tli_layer_window_offset_modify), (228 bytes).
    Removing gd32f20x_tli.o(i.tli_line_mark_set), (24 bytes).
    Removing gd32f20x_tli.o(i.tli_lut_disable), (14 bytes).
    Removing gd32f20x_tli.o(i.tli_lut_enable), (14 bytes).
    Removing gd32f20x_tli.o(i.tli_lut_init), (28 bytes).
    Removing gd32f20x_tli.o(i.tli_lut_struct_para_init), (12 bytes).
    Removing gd32f20x_tli.o(i.tli_reload_config), (36 bytes).
    Removing gd32f20x_tli.o(i.tli_struct_para_init), (34 bytes).
    Removing gd32f20x_trng.o(.rev16_text), (4 bytes).
    Removing gd32f20x_trng.o(.revsh_text), (4 bytes).
    Removing gd32f20x_trng.o(i.trng_deinit), (20 bytes).
    Removing gd32f20x_trng.o(i.trng_disable), (20 bytes).
    Removing gd32f20x_trng.o(i.trng_enable), (20 bytes).
    Removing gd32f20x_trng.o(i.trng_flag_get), (24 bytes).
    Removing gd32f20x_trng.o(i.trng_get_true_random_data), (12 bytes).
    Removing gd32f20x_trng.o(i.trng_interrupt_disable), (20 bytes).
    Removing gd32f20x_trng.o(i.trng_interrupt_enable), (20 bytes).
    Removing gd32f20x_trng.o(i.trng_interrupt_flag_clear), (16 bytes).
    Removing gd32f20x_trng.o(i.trng_interrupt_flag_get), (24 bytes).
    Removing gd32f20x_usart.o(.rev16_text), (4 bytes).
    Removing gd32f20x_usart.o(.revsh_text), (4 bytes).
    Removing gd32f20x_usart.o(i.usart_address_config), (20 bytes).
    Removing gd32f20x_usart.o(i.usart_block_length_config), (28 bytes).
    Removing gd32f20x_usart.o(i.usart_data_first_config), (20 bytes).
    Removing gd32f20x_usart.o(i.usart_disable), (10 bytes).
    Removing gd32f20x_usart.o(i.usart_dma_receive_config), (20 bytes).
    Removing gd32f20x_usart.o(i.usart_dma_transmit_config), (20 bytes).
    Removing gd32f20x_usart.o(i.usart_flag_clear), (18 bytes).
    Removing gd32f20x_usart.o(i.usart_guard_time_config), (24 bytes).
    Removing gd32f20x_usart.o(i.usart_halfduplex_disable), (10 bytes).
    Removing gd32f20x_usart.o(i.usart_halfduplex_enable), (10 bytes).
    Removing gd32f20x_usart.o(i.usart_interrupt_flag_clear), (18 bytes).
    Removing gd32f20x_usart.o(i.usart_invert_config), (104 bytes).
    Removing gd32f20x_usart.o(i.usart_irda_lowpower_config), (20 bytes).
    Removing gd32f20x_usart.o(i.usart_irda_mode_disable), (10 bytes).
    Removing gd32f20x_usart.o(i.usart_irda_mode_enable), (10 bytes).
    Removing gd32f20x_usart.o(i.usart_lin_break_detection_length_config), (20 bytes).
    Removing gd32f20x_usart.o(i.usart_lin_mode_disable), (10 bytes).
    Removing gd32f20x_usart.o(i.usart_lin_mode_enable), (10 bytes).
    Removing gd32f20x_usart.o(i.usart_mute_mode_disable), (10 bytes).
    Removing gd32f20x_usart.o(i.usart_mute_mode_enable), (10 bytes).
    Removing gd32f20x_usart.o(i.usart_mute_mode_wakeup_config), (16 bytes).
    Removing gd32f20x_usart.o(i.usart_prescaler_config), (16 bytes).
    Removing gd32f20x_usart.o(i.usart_receiver_timeout_disable), (14 bytes).
    Removing gd32f20x_usart.o(i.usart_receiver_timeout_enable), (14 bytes).
    Removing gd32f20x_usart.o(i.usart_receiver_timeout_threshold_config), (20 bytes).
    Removing gd32f20x_usart.o(i.usart_send_break), (10 bytes).
    Removing gd32f20x_usart.o(i.usart_smartcard_autoretry_config), (26 bytes).
    Removing gd32f20x_usart.o(i.usart_smartcard_mode_disable), (10 bytes).
    Removing gd32f20x_usart.o(i.usart_smartcard_mode_enable), (10 bytes).
    Removing gd32f20x_usart.o(i.usart_smartcard_mode_nack_disable), (10 bytes).
    Removing gd32f20x_usart.o(i.usart_smartcard_mode_nack_enable), (10 bytes).
    Removing gd32f20x_usart.o(i.usart_synchronous_clock_config), (34 bytes).
    Removing gd32f20x_usart.o(i.usart_synchronous_clock_disable), (10 bytes).
    Removing gd32f20x_usart.o(i.usart_synchronous_clock_enable), (10 bytes).
    Removing gd32f20x_wwdgt.o(.rev16_text), (4 bytes).
    Removing gd32f20x_wwdgt.o(.revsh_text), (4 bytes).
    Removing gd32f20x_wwdgt.o(i.wwdgt_config), (28 bytes).
    Removing gd32f20x_wwdgt.o(i.wwdgt_counter_update), (16 bytes).
    Removing gd32f20x_wwdgt.o(i.wwdgt_deinit), (20 bytes).
    Removing gd32f20x_wwdgt.o(i.wwdgt_enable), (20 bytes).
    Removing gd32f20x_wwdgt.o(i.wwdgt_flag_clear), (12 bytes).
    Removing gd32f20x_wwdgt.o(i.wwdgt_flag_get), (24 bytes).
    Removing gd32f20x_wwdgt.o(i.wwdgt_interrupt_enable), (20 bytes).
    Removing gd32f20x_wwdgt.o(i.wwdgt_interrupt_flag_get), (36 bytes).
    Removing system_gd32f20x.o(.rev16_text), (4 bytes).
    Removing system_gd32f20x.o(.revsh_text), (4 bytes).
    Removing system_gd32f20x.o(i.SystemCoreClockUpdate), (284 bytes).
    Removing startup_gd32f20x_cl.o(HEAP), (8192 bytes).
    Removing dadd.o(.text), (334 bytes).
    Removing dmul.o(.text), (228 bytes).
    Removing ddiv.o(.text), (222 bytes).
    Removing dfixul.o(.text), (48 bytes).
    Removing cdrcmple.o(.text), (48 bytes).
    Removing depilogue.o(.text), (186 bytes).

856 unused section(s) (total 59896 bytes) removed from the image.

==============================================================================

Image Symbol Table

    Local Symbols

    Symbol Name                              Value     Ov Type        Size  Object(Section)

    ../clib/microlib/division.c              0x00000000   Number         0  uidiv.o ABSOLUTE
    ../clib/microlib/division.c              0x00000000   Number         0  uldiv.o ABSOLUTE
    ../clib/microlib/init/entry.s            0x00000000   Number         0  entry12a.o ABSOLUTE
    ../clib/microlib/init/entry.s            0x00000000   Number         0  entry11b.o ABSOLUTE
    ../clib/microlib/init/entry.s            0x00000000   Number         0  entry11a.o ABSOLUTE
    ../clib/microlib/init/entry.s            0x00000000   Number         0  entry10b.o ABSOLUTE
    ../clib/microlib/init/entry.s            0x00000000   Number         0  entry10a.o ABSOLUTE
    ../clib/microlib/init/entry.s            0x00000000   Number         0  entry9b.o ABSOLUTE
    ../clib/microlib/init/entry.s            0x00000000   Number         0  entry9a.o ABSOLUTE
    ../clib/microlib/init/entry.s            0x00000000   Number         0  entry8b.o ABSOLUTE
    ../clib/microlib/init/entry.s            0x00000000   Number         0  entry8a.o ABSOLUTE
    ../clib/microlib/init/entry.s            0x00000000   Number         0  entry2.o ABSOLUTE
    ../clib/microlib/init/entry.s            0x00000000   Number         0  entry12b.o ABSOLUTE
    ../clib/microlib/init/entry.s            0x00000000   Number         0  entry.o ABSOLUTE
    ../clib/microlib/init/entry.s            0x00000000   Number         0  entry7b.o ABSOLUTE
    ../clib/microlib/init/entry.s            0x00000000   Number         0  entry7a.o ABSOLUTE
    ../clib/microlib/init/entry.s            0x00000000   Number         0  entry5.o ABSOLUTE
    ../clib/microlib/longlong.c              0x00000000   Number         0  llushr.o ABSOLUTE
    ../clib/microlib/longlong.c              0x00000000   Number         0  llsshr.o ABSOLUTE
    ../clib/microlib/longlong.c              0x00000000   Number         0  llshl.o ABSOLUTE
    ../clib/microlib/printf/printf.c         0x00000000   Number         0  printf2.o ABSOLUTE
    ../clib/microlib/printf/printf.c         0x00000000   Number         0  printf4.o ABSOLUTE
    ../clib/microlib/printf/printf.c         0x00000000   Number         0  printf3.o ABSOLUTE
    ../clib/microlib/printf/printf.c         0x00000000   Number         0  printf6.o ABSOLUTE
    ../clib/microlib/printf/printf.c         0x00000000   Number         0  printf1.o ABSOLUTE
    ../clib/microlib/printf/printf.c         0x00000000   Number         0  printf0.o ABSOLUTE
    ../clib/microlib/printf/printf.c         0x00000000   Number         0  printfb.o ABSOLUTE
    ../clib/microlib/printf/printf.c         0x00000000   Number         0  printfa.o ABSOLUTE
    ../clib/microlib/printf/printf.c         0x00000000   Number         0  printf8.o ABSOLUTE
    ../clib/microlib/printf/printf.c         0x00000000   Number         0  printf7.o ABSOLUTE
    ../clib/microlib/printf/printf.c         0x00000000   Number         0  printf5.o ABSOLUTE
    ../clib/microlib/stdio/streams.c         0x00000000   Number         0  stdout.o ABSOLUTE
    ../clib/microlib/string/memset.c         0x00000000   Number         0  memseta.o ABSOLUTE
    ../clib/microlib/stubs.s                 0x00000000   Number         0  iusefp.o ABSOLUTE
    ../fplib/microlib/fpadd.c                0x00000000   Number         0  dadd.o ABSOLUTE
    ../fplib/microlib/fpdiv.c                0x00000000   Number         0  ddiv.o ABSOLUTE
    ../fplib/microlib/fpepilogue.c           0x00000000   Number         0  depilogue.o ABSOLUTE
    ../fplib/microlib/fpfix.c                0x00000000   Number         0  dfixul.o ABSOLUTE
    ../fplib/microlib/fpmul.c                0x00000000   Number         0  dmul.o ABSOLUTE
    ..\Driver\flash.c                        0x00000000   Number         0  flash.o ABSOLUTE
    ..\Driver\iap.c                          0x00000000   Number         0  iap.o ABSOLUTE
    ..\Driver\led.c                          0x00000000   Number         0  led.o ABSOLUTE
    ..\Driver\rs485.c                        0x00000000   Number         0  rs485.o ABSOLUTE
    ..\Driver\sys.c                          0x00000000   Number         0  sys.o ABSOLUTE
    ..\Driver\usart.c                        0x00000000   Number         0  usart.o ABSOLUTE
    ..\GD32F20x_Firmware_Library\CMSIS\GD\GD32F20x\Source\system_gd32f20x.c 0x00000000   Number         0  system_gd32f20x.o ABSOLUTE
    ..\GD32F20x_Firmware_Library\GD32F20x_standard_peripheral\Source\gd32f20x_adc.c 0x00000000   Number         0  gd32f20x_adc.o ABSOLUTE
    ..\GD32F20x_Firmware_Library\GD32F20x_standard_peripheral\Source\gd32f20x_bkp.c 0x00000000   Number         0  gd32f20x_bkp.o ABSOLUTE
    ..\GD32F20x_Firmware_Library\GD32F20x_standard_peripheral\Source\gd32f20x_can.c 0x00000000   Number         0  gd32f20x_can.o ABSOLUTE
    ..\GD32F20x_Firmware_Library\GD32F20x_standard_peripheral\Source\gd32f20x_cau.c 0x00000000   Number         0  gd32f20x_cau.o ABSOLUTE
    ..\GD32F20x_Firmware_Library\GD32F20x_standard_peripheral\Source\gd32f20x_cau_aes.c 0x00000000   Number         0  gd32f20x_cau_aes.o ABSOLUTE
    ..\GD32F20x_Firmware_Library\GD32F20x_standard_peripheral\Source\gd32f20x_cau_des.c 0x00000000   Number         0  gd32f20x_cau_des.o ABSOLUTE
    ..\GD32F20x_Firmware_Library\GD32F20x_standard_peripheral\Source\gd32f20x_cau_tdes.c 0x00000000   Number         0  gd32f20x_cau_tdes.o ABSOLUTE
    ..\GD32F20x_Firmware_Library\GD32F20x_standard_peripheral\Source\gd32f20x_crc.c 0x00000000   Number         0  gd32f20x_crc.o ABSOLUTE
    ..\GD32F20x_Firmware_Library\GD32F20x_standard_peripheral\Source\gd32f20x_dac.c 0x00000000   Number         0  gd32f20x_dac.o ABSOLUTE
    ..\GD32F20x_Firmware_Library\GD32F20x_standard_peripheral\Source\gd32f20x_dbg.c 0x00000000   Number         0  gd32f20x_dbg.o ABSOLUTE
    ..\GD32F20x_Firmware_Library\GD32F20x_standard_peripheral\Source\gd32f20x_dci.c 0x00000000   Number         0  gd32f20x_dci.o ABSOLUTE
    ..\GD32F20x_Firmware_Library\GD32F20x_standard_peripheral\Source\gd32f20x_dma.c 0x00000000   Number         0  gd32f20x_dma.o ABSOLUTE
    ..\GD32F20x_Firmware_Library\GD32F20x_standard_peripheral\Source\gd32f20x_enet.c 0x00000000   Number         0  gd32f20x_enet.o ABSOLUTE
    ..\GD32F20x_Firmware_Library\GD32F20x_standard_peripheral\Source\gd32f20x_exmc.c 0x00000000   Number         0  gd32f20x_exmc.o ABSOLUTE
    ..\GD32F20x_Firmware_Library\GD32F20x_standard_peripheral\Source\gd32f20x_exti.c 0x00000000   Number         0  gd32f20x_exti.o ABSOLUTE
    ..\GD32F20x_Firmware_Library\GD32F20x_standard_peripheral\Source\gd32f20x_fmc.c 0x00000000   Number         0  gd32f20x_fmc.o ABSOLUTE
    ..\GD32F20x_Firmware_Library\GD32F20x_standard_peripheral\Source\gd32f20x_fwdgt.c 0x00000000   Number         0  gd32f20x_fwdgt.o ABSOLUTE
    ..\GD32F20x_Firmware_Library\GD32F20x_standard_peripheral\Source\gd32f20x_gpio.c 0x00000000   Number         0  gd32f20x_gpio.o ABSOLUTE
    ..\GD32F20x_Firmware_Library\GD32F20x_standard_peripheral\Source\gd32f20x_hau.c 0x00000000   Number         0  gd32f20x_hau.o ABSOLUTE
    ..\GD32F20x_Firmware_Library\GD32F20x_standard_peripheral\Source\gd32f20x_hau_sha_md5.c 0x00000000   Number         0  gd32f20x_hau_sha_md5.o ABSOLUTE
    ..\GD32F20x_Firmware_Library\GD32F20x_standard_peripheral\Source\gd32f20x_i2c.c 0x00000000   Number         0  gd32f20x_i2c.o ABSOLUTE
    ..\GD32F20x_Firmware_Library\GD32F20x_standard_peripheral\Source\gd32f20x_misc.c 0x00000000   Number         0  gd32f20x_misc.o ABSOLUTE
    ..\GD32F20x_Firmware_Library\GD32F20x_standard_peripheral\Source\gd32f20x_pmu.c 0x00000000   Number         0  gd32f20x_pmu.o ABSOLUTE
    ..\GD32F20x_Firmware_Library\GD32F20x_standard_peripheral\Source\gd32f20x_rcu.c 0x00000000   Number         0  gd32f20x_rcu.o ABSOLUTE
    ..\GD32F20x_Firmware_Library\GD32F20x_standard_peripheral\Source\gd32f20x_rtc.c 0x00000000   Number         0  gd32f20x_rtc.o ABSOLUTE
    ..\GD32F20x_Firmware_Library\GD32F20x_standard_peripheral\Source\gd32f20x_sdio.c 0x00000000   Number         0  gd32f20x_sdio.o ABSOLUTE
    ..\GD32F20x_Firmware_Library\GD32F20x_standard_peripheral\Source\gd32f20x_spi.c 0x00000000   Number         0  gd32f20x_spi.o ABSOLUTE
    ..\GD32F20x_Firmware_Library\GD32F20x_standard_peripheral\Source\gd32f20x_timer.c 0x00000000   Number         0  gd32f20x_timer.o ABSOLUTE
    ..\GD32F20x_Firmware_Library\GD32F20x_standard_peripheral\Source\gd32f20x_tli.c 0x00000000   Number         0  gd32f20x_tli.o ABSOLUTE
    ..\GD32F20x_Firmware_Library\GD32F20x_standard_peripheral\Source\gd32f20x_trng.c 0x00000000   Number         0  gd32f20x_trng.o ABSOLUTE
    ..\GD32F20x_Firmware_Library\GD32F20x_standard_peripheral\Source\gd32f20x_usart.c 0x00000000   Number         0  gd32f20x_usart.o ABSOLUTE
    ..\GD32F20x_Firmware_Library\GD32F20x_standard_peripheral\Source\gd32f20x_wwdgt.c 0x00000000   Number         0  gd32f20x_wwdgt.o ABSOLUTE
    ..\Startup\startup_gd32f20x_cl.s         0x00000000   Number         0  startup_gd32f20x_cl.o ABSOLUTE
    ..\USER\gd32f20x_it.c                    0x00000000   Number         0  gd32f20x_it.o ABSOLUTE
    ..\USER\main.c                           0x00000000   Number         0  main.o ABSOLUTE
    ..\USER\systick.c                        0x00000000   Number         0  systick.o ABSOLUTE
    ..\\Driver\\flash.c                      0x00000000   Number         0  flash.o ABSOLUTE
    ..\\Driver\\iap.c                        0x00000000   Number         0  iap.o ABSOLUTE
    ..\\Driver\\led.c                        0x00000000   Number         0  led.o ABSOLUTE
    ..\\Driver\\rs485.c                      0x00000000   Number         0  rs485.o ABSOLUTE
    ..\\Driver\\sys.c                        0x00000000   Number         0  sys.o ABSOLUTE
    ..\\Driver\\usart.c                      0x00000000   Number         0  usart.o ABSOLUTE
    ..\\GD32F20x_Firmware_Library\\CMSIS\\GD\\GD32F20x\\Source\\system_gd32f20x.c 0x00000000   Number         0  system_gd32f20x.o ABSOLUTE
    ..\\GD32F20x_Firmware_Library\\GD32F20x_standard_peripheral\\Source\\gd32f20x_adc.c 0x00000000   Number         0  gd32f20x_adc.o ABSOLUTE
    ..\\GD32F20x_Firmware_Library\\GD32F20x_standard_peripheral\\Source\\gd32f20x_bkp.c 0x00000000   Number         0  gd32f20x_bkp.o ABSOLUTE
    ..\\GD32F20x_Firmware_Library\\GD32F20x_standard_peripheral\\Source\\gd32f20x_can.c 0x00000000   Number         0  gd32f20x_can.o ABSOLUTE
    ..\\GD32F20x_Firmware_Library\\GD32F20x_standard_peripheral\\Source\\gd32f20x_cau.c 0x00000000   Number         0  gd32f20x_cau.o ABSOLUTE
    ..\\GD32F20x_Firmware_Library\\GD32F20x_standard_peripheral\\Source\\gd32f20x_cau_aes.c 0x00000000   Number         0  gd32f20x_cau_aes.o ABSOLUTE
    ..\\GD32F20x_Firmware_Library\\GD32F20x_standard_peripheral\\Source\\gd32f20x_cau_des.c 0x00000000   Number         0  gd32f20x_cau_des.o ABSOLUTE
    ..\\GD32F20x_Firmware_Library\\GD32F20x_standard_peripheral\\Source\\gd32f20x_cau_tdes.c 0x00000000   Number         0  gd32f20x_cau_tdes.o ABSOLUTE
    ..\\GD32F20x_Firmware_Library\\GD32F20x_standard_peripheral\\Source\\gd32f20x_crc.c 0x00000000   Number         0  gd32f20x_crc.o ABSOLUTE
    ..\\GD32F20x_Firmware_Library\\GD32F20x_standard_peripheral\\Source\\gd32f20x_dac.c 0x00000000   Number         0  gd32f20x_dac.o ABSOLUTE
    ..\\GD32F20x_Firmware_Library\\GD32F20x_standard_peripheral\\Source\\gd32f20x_dbg.c 0x00000000   Number         0  gd32f20x_dbg.o ABSOLUTE
    ..\\GD32F20x_Firmware_Library\\GD32F20x_standard_peripheral\\Source\\gd32f20x_dci.c 0x00000000   Number         0  gd32f20x_dci.o ABSOLUTE
    ..\\GD32F20x_Firmware_Library\\GD32F20x_standard_peripheral\\Source\\gd32f20x_dma.c 0x00000000   Number         0  gd32f20x_dma.o ABSOLUTE
    ..\\GD32F20x_Firmware_Library\\GD32F20x_standard_peripheral\\Source\\gd32f20x_enet.c 0x00000000   Number         0  gd32f20x_enet.o ABSOLUTE
    ..\\GD32F20x_Firmware_Library\\GD32F20x_standard_peripheral\\Source\\gd32f20x_exmc.c 0x00000000   Number         0  gd32f20x_exmc.o ABSOLUTE
    ..\\GD32F20x_Firmware_Library\\GD32F20x_standard_peripheral\\Source\\gd32f20x_exti.c 0x00000000   Number         0  gd32f20x_exti.o ABSOLUTE
    ..\\GD32F20x_Firmware_Library\\GD32F20x_standard_peripheral\\Source\\gd32f20x_fmc.c 0x00000000   Number         0  gd32f20x_fmc.o ABSOLUTE
    ..\\GD32F20x_Firmware_Library\\GD32F20x_standard_peripheral\\Source\\gd32f20x_fwdgt.c 0x00000000   Number         0  gd32f20x_fwdgt.o ABSOLUTE
    ..\\GD32F20x_Firmware_Library\\GD32F20x_standard_peripheral\\Source\\gd32f20x_gpio.c 0x00000000   Number         0  gd32f20x_gpio.o ABSOLUTE
    ..\\GD32F20x_Firmware_Library\\GD32F20x_standard_peripheral\\Source\\gd32f20x_hau.c 0x00000000   Number         0  gd32f20x_hau.o ABSOLUTE
    ..\\GD32F20x_Firmware_Library\\GD32F20x_standard_peripheral\\Source\\gd32f20x_hau_sha_md5.c 0x00000000   Number         0  gd32f20x_hau_sha_md5.o ABSOLUTE
    ..\\GD32F20x_Firmware_Library\\GD32F20x_standard_peripheral\\Source\\gd32f20x_i2c.c 0x00000000   Number         0  gd32f20x_i2c.o ABSOLUTE
    ..\\GD32F20x_Firmware_Library\\GD32F20x_standard_peripheral\\Source\\gd32f20x_misc.c 0x00000000   Number         0  gd32f20x_misc.o ABSOLUTE
    ..\\GD32F20x_Firmware_Library\\GD32F20x_standard_peripheral\\Source\\gd32f20x_pmu.c 0x00000000   Number         0  gd32f20x_pmu.o ABSOLUTE
    ..\\GD32F20x_Firmware_Library\\GD32F20x_standard_peripheral\\Source\\gd32f20x_rcu.c 0x00000000   Number         0  gd32f20x_rcu.o ABSOLUTE
    ..\\GD32F20x_Firmware_Library\\GD32F20x_standard_peripheral\\Source\\gd32f20x_rtc.c 0x00000000   Number         0  gd32f20x_rtc.o ABSOLUTE
    ..\\GD32F20x_Firmware_Library\\GD32F20x_standard_peripheral\\Source\\gd32f20x_sdio.c 0x00000000   Number         0  gd32f20x_sdio.o ABSOLUTE
    ..\\GD32F20x_Firmware_Library\\GD32F20x_standard_peripheral\\Source\\gd32f20x_spi.c 0x00000000   Number         0  gd32f20x_spi.o ABSOLUTE
    ..\\GD32F20x_Firmware_Library\\GD32F20x_standard_peripheral\\Source\\gd32f20x_timer.c 0x00000000   Number         0  gd32f20x_timer.o ABSOLUTE
    ..\\GD32F20x_Firmware_Library\\GD32F20x_standard_peripheral\\Source\\gd32f20x_tli.c 0x00000000   Number         0  gd32f20x_tli.o ABSOLUTE
    ..\\GD32F20x_Firmware_Library\\GD32F20x_standard_peripheral\\Source\\gd32f20x_trng.c 0x00000000   Number         0  gd32f20x_trng.o ABSOLUTE
    ..\\GD32F20x_Firmware_Library\\GD32F20x_standard_peripheral\\Source\\gd32f20x_usart.c 0x00000000   Number         0  gd32f20x_usart.o ABSOLUTE
    ..\\GD32F20x_Firmware_Library\\GD32F20x_standard_peripheral\\Source\\gd32f20x_wwdgt.c 0x00000000   Number         0  gd32f20x_wwdgt.o ABSOLUTE
    ..\\USER\\gd32f20x_it.c                  0x00000000   Number         0  gd32f20x_it.o ABSOLUTE
    ..\\USER\\main.c                         0x00000000   Number         0  main.o ABSOLUTE
    ..\\USER\\systick.c                      0x00000000   Number         0  systick.o ABSOLUTE
    cdrcmple.s                               0x00000000   Number         0  cdrcmple.o ABSOLUTE
    dc.s                                     0x00000000   Number         0  dc.o ABSOLUTE
    handlers.s                               0x00000000   Number         0  handlers.o ABSOLUTE
    init.s                                   0x00000000   Number         0  init.o ABSOLUTE
    RESET                                    0x08000000   Section      424  startup_gd32f20x_cl.o(RESET)
    .ARM.Collect$$$$00000000                 0x080001a8   Section        0  entry.o(.ARM.Collect$$$$00000000)
    .ARM.Collect$$$$00000001                 0x080001a8   Section        4  entry2.o(.ARM.Collect$$$$00000001)
    .ARM.Collect$$$$00000004                 0x080001ac   Section        4  entry5.o(.ARM.Collect$$$$00000004)
    .ARM.Collect$$$$00000008                 0x080001b0   Section        0  entry7b.o(.ARM.Collect$$$$00000008)
    .ARM.Collect$$$$0000000A                 0x080001b0   Section        0  entry8b.o(.ARM.Collect$$$$0000000A)
    .ARM.Collect$$$$0000000B                 0x080001b0   Section        8  entry9a.o(.ARM.Collect$$$$0000000B)
    .ARM.Collect$$$$0000000E                 0x080001b8   Section        4  entry12b.o(.ARM.Collect$$$$0000000E)
    .ARM.Collect$$$$0000000F                 0x080001bc   Section        0  entry10a.o(.ARM.Collect$$$$0000000F)
    .ARM.Collect$$$$00000011                 0x080001bc   Section        0  entry11a.o(.ARM.Collect$$$$00000011)
    .ARM.Collect$$$$00002712                 0x080001bc   Section        4  entry2.o(.ARM.Collect$$$$00002712)
    __lit__00000000                          0x080001bc   Data           4  entry2.o(.ARM.Collect$$$$00002712)
    .emb_text                                0x080001c0   Section        6  sys.o(.emb_text)
    .text                                    0x080001c8   Section       36  startup_gd32f20x_cl.o(.text)
    .text                                    0x080001ec   Section        0  memseta.o(.text)
    .text                                    0x08000210   Section       36  init.o(.text)
    i.BusFault_Handler                       0x08000234   Section        0  gd32f20x_it.o(i.BusFault_Handler)
    i.DebugMon_Handler                       0x08000238   Section        0  gd32f20x_it.o(i.DebugMon_Handler)
    i.GDFLASH_Read                           0x0800023a   Section        0  flash.o(i.GDFLASH_Read)
    i.GDFLASH_ReadHalfWord                   0x0800025c   Section        0  flash.o(i.GDFLASH_ReadHalfWord)
    i.GDFLASH_Write                          0x08000264   Section        0  flash.o(i.GDFLASH_Write)
    i.GDFLASH_Write_NoCheck                  0x0800034c   Section        0  flash.o(i.GDFLASH_Write_NoCheck)
    i.HardFault_Handler                      0x08000372   Section        0  gd32f20x_it.o(i.HardFault_Handler)
    i.MemManage_Handler                      0x08000376   Section        0  gd32f20x_it.o(i.MemManage_Handler)
    i.NMI_Handler                            0x0800037a   Section        0  gd32f20x_it.o(i.NMI_Handler)
    i.PendSV_Handler                         0x0800037c   Section        0  gd32f20x_it.o(i.PendSV_Handler)
    i.RS485_Init                             0x08000380   Section        0  rs485.o(i.RS485_Init)
    i.RS485_Jump                             0x08000458   Section        0  main.o(i.RS485_Jump)
    i.SVC_Handler                            0x0800055c   Section        0  gd32f20x_it.o(i.SVC_Handler)
    i.SysTick_Handler                        0x0800055e   Section        0  gd32f20x_it.o(i.SysTick_Handler)
    i.SystemInit                             0x08000560   Section        0  system_gd32f20x.o(i.SystemInit)
    i.UART3_IRQHandler                       0x080005f0   Section        0  rs485.o(i.UART3_IRQHandler)
    i.USART0_IRQHandler                      0x08000634   Section        0  usart.o(i.USART0_IRQHandler)
    i.UsageFault_Handler                     0x08000674   Section        0  gd32f20x_it.o(i.UsageFault_Handler)
    i.__0printf$bare                         0x08000678   Section        0  printfb.o(i.__0printf$bare)
    i.__scatterload_copy                     0x08000688   Section       14  handlers.o(i.__scatterload_copy)
    i.__scatterload_null                     0x08000696   Section        2  handlers.o(i.__scatterload_null)
    i.__scatterload_zeroinit                 0x08000698   Section       14  handlers.o(i.__scatterload_zeroinit)
    i._printf_core                           0x080006a6   Section        0  printfb.o(i._printf_core)
    _printf_core                             0x080006a7   Thumb Code    34  printfb.o(i._printf_core)
    i.delay_ms                               0x080006c8   Section        0  systick.o(i.delay_ms)
    i.fmc_bank0_ready_wait                   0x08000714   Section        0  gd32f20x_fmc.o(i.fmc_bank0_ready_wait)
    fmc_bank0_ready_wait                     0x08000715   Thumb Code    34  gd32f20x_fmc.o(i.fmc_bank0_ready_wait)
    i.fmc_bank0_state_get                    0x08000738   Section        0  gd32f20x_fmc.o(i.fmc_bank0_state_get)
    fmc_bank0_state_get                      0x08000739   Thumb Code    44  gd32f20x_fmc.o(i.fmc_bank0_state_get)
    i.fmc_bank1_ready_wait                   0x08000768   Section        0  gd32f20x_fmc.o(i.fmc_bank1_ready_wait)
    fmc_bank1_ready_wait                     0x08000769   Thumb Code    34  gd32f20x_fmc.o(i.fmc_bank1_ready_wait)
    i.fmc_bank1_state_get                    0x0800078c   Section        0  gd32f20x_fmc.o(i.fmc_bank1_state_get)
    fmc_bank1_state_get                      0x0800078d   Thumb Code    44  gd32f20x_fmc.o(i.fmc_bank1_state_get)
    i.fmc_halfword_program                   0x080007bc   Section        0  gd32f20x_fmc.o(i.fmc_halfword_program)
    i.fmc_lock                               0x0800087c   Section        0  gd32f20x_fmc.o(i.fmc_lock)
    i.fmc_page_erase                         0x080008a8   Section        0  gd32f20x_fmc.o(i.fmc_page_erase)
    i.fmc_unlock                             0x080009a0   Section        0  gd32f20x_fmc.o(i.fmc_unlock)
    i.fputc                                  0x080009e4   Section        0  usart.o(i.fputc)
    i.gpio_bit_reset                         0x08000a08   Section        0  gd32f20x_gpio.o(i.gpio_bit_reset)
    i.gpio_bit_set                           0x08000a0c   Section        0  gd32f20x_gpio.o(i.gpio_bit_set)
    i.gpio_init                              0x08000a10   Section        0  gd32f20x_gpio.o(i.gpio_init)
    i.gpio_pin_remap1_config                 0x08000abc   Section        0  gd32f20x_gpio.o(i.gpio_pin_remap1_config)
    i.iap_load_app                           0x08000b38   Section        0  iap.o(i.iap_load_app)
    i.iap_write_appbin                       0x08000b64   Section        0  iap.o(i.iap_write_appbin)
    i.led_gpio_init                          0x08000bcc   Section        0  led.o(i.led_gpio_init)
    i.led_toggle                             0x08000c14   Section        0  led.o(i.led_toggle)
    i.main                                   0x08000c40   Section        0  main.o(i.main)
    i.nvic_irq_enable                        0x08000c88   Section        0  gd32f20x_misc.o(i.nvic_irq_enable)
    i.nvic_priority_group_set                0x08000d34   Section        0  gd32f20x_misc.o(i.nvic_priority_group_set)
    i.rcu_clock_freq_get                     0x08000d48   Section        0  gd32f20x_rcu.o(i.rcu_clock_freq_get)
    i.rcu_periph_clock_enable                0x08000eb4   Section        0  gd32f20x_rcu.o(i.rcu_periph_clock_enable)
    i.rcu_periph_reset_disable               0x08000ed4   Section        0  gd32f20x_rcu.o(i.rcu_periph_reset_disable)
    i.rcu_periph_reset_enable                0x08000ef4   Section        0  gd32f20x_rcu.o(i.rcu_periph_reset_enable)
    i.system_clock_120m_hxtal                0x08000f14   Section        0  system_gd32f20x.o(i.system_clock_120m_hxtal)
    system_clock_120m_hxtal                  0x08000f15   Thumb Code   210  system_gd32f20x.o(i.system_clock_120m_hxtal)
    i.system_clock_config                    0x08000ff8   Section        0  system_gd32f20x.o(i.system_clock_config)
    system_clock_config                      0x08000ff9   Thumb Code     8  system_gd32f20x.o(i.system_clock_config)
    i.systick_clksource_set                  0x08001000   Section        0  gd32f20x_misc.o(i.systick_clksource_set)
    i.systick_config                         0x08001028   Section        0  systick.o(i.systick_config)
    i.usart_baudrate_set                     0x0800106c   Section        0  gd32f20x_usart.o(i.usart_baudrate_set)
    i.usart_config                           0x08001130   Section        0  usart.o(i.usart_config)
    i.usart_data_receive                     0x080011cc   Section        0  gd32f20x_usart.o(i.usart_data_receive)
    i.usart_data_transmit                    0x080011d6   Section        0  gd32f20x_usart.o(i.usart_data_transmit)
    i.usart_deinit                           0x080011e0   Section        0  gd32f20x_usart.o(i.usart_deinit)
    i.usart_enable                           0x080012bc   Section        0  gd32f20x_usart.o(i.usart_enable)
    i.usart_flag_get                         0x080012c6   Section        0  gd32f20x_usart.o(i.usart_flag_get)
    i.usart_hardware_flow_cts_config         0x080012e4   Section        0  gd32f20x_usart.o(i.usart_hardware_flow_cts_config)
    i.usart_hardware_flow_rts_config         0x080012f8   Section        0  gd32f20x_usart.o(i.usart_hardware_flow_rts_config)
    i.usart_interrupt_disable                0x0800130c   Section        0  gd32f20x_usart.o(i.usart_interrupt_disable)
    i.usart_interrupt_enable                 0x08001326   Section        0  gd32f20x_usart.o(i.usart_interrupt_enable)
    i.usart_interrupt_flag_get               0x08001340   Section        0  gd32f20x_usart.o(i.usart_interrupt_flag_get)
    i.usart_parity_config                    0x08001378   Section        0  gd32f20x_usart.o(i.usart_parity_config)
    i.usart_receive_config                   0x08001388   Section        0  gd32f20x_usart.o(i.usart_receive_config)
    i.usart_stop_bit_set                     0x0800139c   Section        0  gd32f20x_usart.o(i.usart_stop_bit_set)
    i.usart_transmit_config                  0x080013ac   Section        0  gd32f20x_usart.o(i.usart_transmit_config)
    i.usart_word_length_set                  0x080013c0   Section        0  gd32f20x_usart.o(i.usart_word_length_set)
    .data                                    0x20000000   Section        5  main.o(.data)
    AppCodeLength                            0x20000000   Data           4  main.o(.data)
    AppRunFlag                               0x20000004   Data           1  main.o(.data)
    .data                                    0x20000008   Section        7  systick.o(.data)
    delay                                    0x20000008   Data           4  systick.o(.data)
    fac_ms                                   0x2000000c   Data           2  systick.o(.data)
    fac_us                                   0x2000000e   Data           1  systick.o(.data)
    .data                                    0x20000010   Section       10  usart.o(.data)
    .data                                    0x2000001c   Section        4  rs485.o(.data)
    .data                                    0x20000020   Section        4  iap.o(.data)
    .data                                    0x20000024   Section        4  system_gd32f20x.o(.data)
    .data                                    0x20000028   Section        4  stdout.o(.data)
    .bss                                     0x2000002c   Section      200  usart.o(.bss)
    .bss                                     0x200000f4   Section     2048  flash.o(.bss)
    .ARM.__AT_0x20001000                     0x20001000   Section    20480  rs485.o(.ARM.__AT_0x20001000)
    .bss                                     0x20006000   Section     2048  iap.o(.bss)
    STACK                                    0x20006800   Section     8192  startup_gd32f20x_cl.o(STACK)

    Global Symbols

    Symbol Name                              Value     Ov Type        Size  Object(Section)

    BuildAttributes$$THM_ISAv4$P$D$K$B$S$PE$A:L22UL41UL21$X:L11$S22US41US21$IEEE1$IW$USESV6$~STKCKD$USESV7$~SHL$OSPACE$ROPI$EBA8$MICROLIB$REQ8$PRES8$EABIv2 0x00000000   Number         0  anon$$obj.o ABSOLUTE
    __ARM_use_no_argv                        0x00000000   Number         0  main.o ABSOLUTE
    __arm_fini_                               - Undefined Weak Reference
    __cpp_initialize__aeabi_                  - Undefined Weak Reference
    __cxa_finalize                            - Undefined Weak Reference
    __decompress                              - Undefined Weak Reference
    _clock_init                               - Undefined Weak Reference
    _microlib_exit                            - Undefined Weak Reference
    __Vectors_Size                           0x000001a8   Number         0  startup_gd32f20x_cl.o ABSOLUTE
    __Vectors                                0x08000000   Data           4  startup_gd32f20x_cl.o(RESET)
    __Vectors_End                            0x080001a8   Data           0  startup_gd32f20x_cl.o(RESET)
    __main                                   0x080001a9   Thumb Code     0  entry.o(.ARM.Collect$$$$00000000)
    _main_stk                                0x080001a9   Thumb Code     0  entry2.o(.ARM.Collect$$$$00000001)
    _main_scatterload                        0x080001ad   Thumb Code     0  entry5.o(.ARM.Collect$$$$00000004)
    __main_after_scatterload                 0x080001b1   Thumb Code     0  entry5.o(.ARM.Collect$$$$00000004)
    _main_clock                              0x080001b1   Thumb Code     0  entry7b.o(.ARM.Collect$$$$00000008)
    _main_cpp_init                           0x080001b1   Thumb Code     0  entry8b.o(.ARM.Collect$$$$0000000A)
    _main_init                               0x080001b1   Thumb Code     0  entry9a.o(.ARM.Collect$$$$0000000B)
    __rt_lib_shutdown_fini                   0x080001b9   Thumb Code     0  entry12b.o(.ARM.Collect$$$$0000000E)
    __rt_final_cpp                           0x080001bd   Thumb Code     0  entry10a.o(.ARM.Collect$$$$0000000F)
    __rt_final_exit                          0x080001bd   Thumb Code     0  entry11a.o(.ARM.Collect$$$$00000011)
    MSR_MSP                                  0x080001c1   Thumb Code     6  sys.o(.emb_text)
    Reset_Handler                            0x080001c9   Thumb Code     8  startup_gd32f20x_cl.o(.text)
    ADC0_1_IRQHandler                        0x080001e3   Thumb Code     0  startup_gd32f20x_cl.o(.text)
    ADC2_IRQHandler                          0x080001e3   Thumb Code     0  startup_gd32f20x_cl.o(.text)
    CAN0_EWMC_IRQHandler                     0x080001e3   Thumb Code     0  startup_gd32f20x_cl.o(.text)
    CAN0_RX0_IRQHandler                      0x080001e3   Thumb Code     0  startup_gd32f20x_cl.o(.text)
    CAN0_RX1_IRQHandler                      0x080001e3   Thumb Code     0  startup_gd32f20x_cl.o(.text)
    CAN0_TX_IRQHandler                       0x080001e3   Thumb Code     0  startup_gd32f20x_cl.o(.text)
    CAN1_EWMC_IRQHandler                     0x080001e3   Thumb Code     0  startup_gd32f20x_cl.o(.text)
    CAN1_RX0_IRQHandler                      0x080001e3   Thumb Code     0  startup_gd32f20x_cl.o(.text)
    CAN1_RX1_IRQHandler                      0x080001e3   Thumb Code     0  startup_gd32f20x_cl.o(.text)
    CAN1_TX_IRQHandler                       0x080001e3   Thumb Code     0  startup_gd32f20x_cl.o(.text)
    CAU_IRQHandler                           0x080001e3   Thumb Code     0  startup_gd32f20x_cl.o(.text)
    DCI_IRQHandler                           0x080001e3   Thumb Code     0  startup_gd32f20x_cl.o(.text)
    DMA0_Channel0_IRQHandler                 0x080001e3   Thumb Code     0  startup_gd32f20x_cl.o(.text)
    DMA0_Channel1_IRQHandler                 0x080001e3   Thumb Code     0  startup_gd32f20x_cl.o(.text)
    DMA0_Channel2_IRQHandler                 0x080001e3   Thumb Code     0  startup_gd32f20x_cl.o(.text)
    DMA0_Channel3_IRQHandler                 0x080001e3   Thumb Code     0  startup_gd32f20x_cl.o(.text)
    DMA0_Channel4_IRQHandler                 0x080001e3   Thumb Code     0  startup_gd32f20x_cl.o(.text)
    DMA0_Channel5_IRQHandler                 0x080001e3   Thumb Code     0  startup_gd32f20x_cl.o(.text)
    DMA0_Channel6_IRQHandler                 0x080001e3   Thumb Code     0  startup_gd32f20x_cl.o(.text)
    DMA1_Channel0_IRQHandler                 0x080001e3   Thumb Code     0  startup_gd32f20x_cl.o(.text)
    DMA1_Channel1_IRQHandler                 0x080001e3   Thumb Code     0  startup_gd32f20x_cl.o(.text)
    DMA1_Channel2_IRQHandler                 0x080001e3   Thumb Code     0  startup_gd32f20x_cl.o(.text)
    DMA1_Channel3_IRQHandler                 0x080001e3   Thumb Code     0  startup_gd32f20x_cl.o(.text)
    DMA1_Channel4_IRQHandler                 0x080001e3   Thumb Code     0  startup_gd32f20x_cl.o(.text)
    DMA1_Channel5_IRQHandler                 0x080001e3   Thumb Code     0  startup_gd32f20x_cl.o(.text)
    DMA1_Channel6_IRQHandler                 0x080001e3   Thumb Code     0  startup_gd32f20x_cl.o(.text)
    ENET_IRQHandler                          0x080001e3   Thumb Code     0  startup_gd32f20x_cl.o(.text)
    ENET_WKUP_IRQHandler                     0x080001e3   Thumb Code     0  startup_gd32f20x_cl.o(.text)
    EXMC_IRQHandler                          0x080001e3   Thumb Code     0  startup_gd32f20x_cl.o(.text)
    EXTI0_IRQHandler                         0x080001e3   Thumb Code     0  startup_gd32f20x_cl.o(.text)
    EXTI10_15_IRQHandler                     0x080001e3   Thumb Code     0  startup_gd32f20x_cl.o(.text)
    EXTI1_IRQHandler                         0x080001e3   Thumb Code     0  startup_gd32f20x_cl.o(.text)
    EXTI2_IRQHandler                         0x080001e3   Thumb Code     0  startup_gd32f20x_cl.o(.text)
    EXTI3_IRQHandler                         0x080001e3   Thumb Code     0  startup_gd32f20x_cl.o(.text)
    EXTI4_IRQHandler                         0x080001e3   Thumb Code     0  startup_gd32f20x_cl.o(.text)
    EXTI5_9_IRQHandler                       0x080001e3   Thumb Code     0  startup_gd32f20x_cl.o(.text)
    FMC_IRQHandler                           0x080001e3   Thumb Code     0  startup_gd32f20x_cl.o(.text)
    HAU_TRNG_IRQHandler                      0x080001e3   Thumb Code     0  startup_gd32f20x_cl.o(.text)
    I2C0_ER_IRQHandler                       0x080001e3   Thumb Code     0  startup_gd32f20x_cl.o(.text)
    I2C0_EV_IRQHandler                       0x080001e3   Thumb Code     0  startup_gd32f20x_cl.o(.text)
    I2C1_ER_IRQHandler                       0x080001e3   Thumb Code     0  startup_gd32f20x_cl.o(.text)
    I2C1_EV_IRQHandler                       0x080001e3   Thumb Code     0  startup_gd32f20x_cl.o(.text)
    I2C2_ER_IRQHandler                       0x080001e3   Thumb Code     0  startup_gd32f20x_cl.o(.text)
    I2C2_EV_IRQHandler                       0x080001e3   Thumb Code     0  startup_gd32f20x_cl.o(.text)
    LVD_IRQHandler                           0x080001e3   Thumb Code     0  startup_gd32f20x_cl.o(.text)
    RCU_IRQHandler                           0x080001e3   Thumb Code     0  startup_gd32f20x_cl.o(.text)
    RTC_Alarm_IRQHandler                     0x080001e3   Thumb Code     0  startup_gd32f20x_cl.o(.text)
    RTC_IRQHandler                           0x080001e3   Thumb Code     0  startup_gd32f20x_cl.o(.text)
    SDIO_IRQHandler                          0x080001e3   Thumb Code     0  startup_gd32f20x_cl.o(.text)
    SPI0_IRQHandler                          0x080001e3   Thumb Code     0  startup_gd32f20x_cl.o(.text)
    SPI1_IRQHandler                          0x080001e3   Thumb Code     0  startup_gd32f20x_cl.o(.text)
    SPI2_IRQHandler                          0x080001e3   Thumb Code     0  startup_gd32f20x_cl.o(.text)
    TAMPER_IRQHandler                        0x080001e3   Thumb Code     0  startup_gd32f20x_cl.o(.text)
    TIMER0_BRK_TIMER8_IRQHandler             0x080001e3   Thumb Code     0  startup_gd32f20x_cl.o(.text)
    TIMER0_Channel_IRQHandler                0x080001e3   Thumb Code     0  startup_gd32f20x_cl.o(.text)
    TIMER0_TRG_CMT_TIMER10_IRQHandler        0x080001e3   Thumb Code     0  startup_gd32f20x_cl.o(.text)
    TIMER0_UP_TIMER9_IRQHandler              0x080001e3   Thumb Code     0  startup_gd32f20x_cl.o(.text)
    TIMER1_IRQHandler                        0x080001e3   Thumb Code     0  startup_gd32f20x_cl.o(.text)
    TIMER2_IRQHandler                        0x080001e3   Thumb Code     0  startup_gd32f20x_cl.o(.text)
    TIMER3_IRQHandler                        0x080001e3   Thumb Code     0  startup_gd32f20x_cl.o(.text)
    TIMER4_IRQHandler                        0x080001e3   Thumb Code     0  startup_gd32f20x_cl.o(.text)
    TIMER5_IRQHandler                        0x080001e3   Thumb Code     0  startup_gd32f20x_cl.o(.text)
    TIMER6_IRQHandler                        0x080001e3   Thumb Code     0  startup_gd32f20x_cl.o(.text)
    TIMER7_BRK_TIMER11_IRQHandler            0x080001e3   Thumb Code     0  startup_gd32f20x_cl.o(.text)
    TIMER7_Channel_IRQHandler                0x080001e3   Thumb Code     0  startup_gd32f20x_cl.o(.text)
    TIMER7_TRG_CMT_TIMER13_IRQHandler        0x080001e3   Thumb Code     0  startup_gd32f20x_cl.o(.text)
    TIMER7_UP_TIMER12_IRQHandler             0x080001e3   Thumb Code     0  startup_gd32f20x_cl.o(.text)
    TLI_ER_IRQHandler                        0x080001e3   Thumb Code     0  startup_gd32f20x_cl.o(.text)
    TLI_IRQHandler                           0x080001e3   Thumb Code     0  startup_gd32f20x_cl.o(.text)
    UART4_IRQHandler                         0x080001e3   Thumb Code     0  startup_gd32f20x_cl.o(.text)
    UART6_IRQHandler                         0x080001e3   Thumb Code     0  startup_gd32f20x_cl.o(.text)
    UART7_IRQHandler                         0x080001e3   Thumb Code     0  startup_gd32f20x_cl.o(.text)
    USART1_IRQHandler                        0x080001e3   Thumb Code     0  startup_gd32f20x_cl.o(.text)
    USART2_IRQHandler                        0x080001e3   Thumb Code     0  startup_gd32f20x_cl.o(.text)
    USART5_IRQHandler                        0x080001e3   Thumb Code     0  startup_gd32f20x_cl.o(.text)
    USBFS_IRQHandler                         0x080001e3   Thumb Code     0  startup_gd32f20x_cl.o(.text)
    USBFS_WKUP_IRQHandler                    0x080001e3   Thumb Code     0  startup_gd32f20x_cl.o(.text)
    WWDGT_IRQHandler                         0x080001e3   Thumb Code     0  startup_gd32f20x_cl.o(.text)
    __aeabi_memset                           0x080001ed   Thumb Code    14  memseta.o(.text)
    __aeabi_memset4                          0x080001ed   Thumb Code     0  memseta.o(.text)
    __aeabi_memset8                          0x080001ed   Thumb Code     0  memseta.o(.text)
    __aeabi_memclr                           0x080001fb   Thumb Code     4  memseta.o(.text)
    __aeabi_memclr4                          0x080001fb   Thumb Code     0  memseta.o(.text)
    __aeabi_memclr8                          0x080001fb   Thumb Code     0  memseta.o(.text)
    _memset$wrapper                          0x080001ff   Thumb Code    18  memseta.o(.text)
    __scatterload                            0x08000211   Thumb Code    28  init.o(.text)
    __scatterload_rt2                        0x08000211   Thumb Code     0  init.o(.text)
    BusFault_Handler                         0x08000235   Thumb Code     4  gd32f20x_it.o(i.BusFault_Handler)
    DebugMon_Handler                         0x08000239   Thumb Code     2  gd32f20x_it.o(i.DebugMon_Handler)
    GDFLASH_Read                             0x0800023b   Thumb Code    34  flash.o(i.GDFLASH_Read)
    GDFLASH_ReadHalfWord                     0x0800025d   Thumb Code     6  flash.o(i.GDFLASH_ReadHalfWord)
    GDFLASH_Write                            0x08000265   Thumb Code   222  flash.o(i.GDFLASH_Write)
    GDFLASH_Write_NoCheck                    0x0800034d   Thumb Code    38  flash.o(i.GDFLASH_Write_NoCheck)
    HardFault_Handler                        0x08000373   Thumb Code     4  gd32f20x_it.o(i.HardFault_Handler)
    MemManage_Handler                        0x08000377   Thumb Code     4  gd32f20x_it.o(i.MemManage_Handler)
    NMI_Handler                              0x0800037b   Thumb Code     2  gd32f20x_it.o(i.NMI_Handler)
    PendSV_Handler                           0x0800037d   Thumb Code     2  gd32f20x_it.o(i.PendSV_Handler)
    RS485_Init                               0x08000381   Thumb Code   202  rs485.o(i.RS485_Init)
    RS485_Jump                               0x08000459   Thumb Code   160  main.o(i.RS485_Jump)
    SVC_Handler                              0x0800055d   Thumb Code     2  gd32f20x_it.o(i.SVC_Handler)
    SysTick_Handler                          0x0800055f   Thumb Code     2  gd32f20x_it.o(i.SysTick_Handler)
    SystemInit                               0x08000561   Thumb Code   124  system_gd32f20x.o(i.SystemInit)
    UART3_IRQHandler                         0x080005f1   Thumb Code    50  rs485.o(i.UART3_IRQHandler)
    USART0_IRQHandler                        0x08000635   Thumb Code    48  usart.o(i.USART0_IRQHandler)
    UsageFault_Handler                       0x08000675   Thumb Code     4  gd32f20x_it.o(i.UsageFault_Handler)
    __0printf$bare                           0x08000679   Thumb Code     8  printfb.o(i.__0printf$bare)
    __1printf$bare                           0x08000679   Thumb Code     0  printfb.o(i.__0printf$bare)
    __2printf                                0x08000679   Thumb Code     0  printfb.o(i.__0printf$bare)
    __scatterload_copy                       0x08000689   Thumb Code    14  handlers.o(i.__scatterload_copy)
    __scatterload_null                       0x08000697   Thumb Code     2  handlers.o(i.__scatterload_null)
    __scatterload_zeroinit                   0x08000699   Thumb Code    14  handlers.o(i.__scatterload_zeroinit)
    delay_ms                                 0x080006c9   Thumb Code    72  systick.o(i.delay_ms)
    fmc_halfword_program                     0x080007bd   Thumb Code   178  gd32f20x_fmc.o(i.fmc_halfword_program)
    fmc_lock                                 0x0800087d   Thumb Code    34  gd32f20x_fmc.o(i.fmc_lock)
    fmc_page_erase                           0x080008a9   Thumb Code   234  gd32f20x_fmc.o(i.fmc_page_erase)
    fmc_unlock                               0x080009a1   Thumb Code    52  gd32f20x_fmc.o(i.fmc_unlock)
    fputc                                    0x080009e5   Thumb Code    32  usart.o(i.fputc)
    gpio_bit_reset                           0x08000a09   Thumb Code     4  gd32f20x_gpio.o(i.gpio_bit_reset)
    gpio_bit_set                             0x08000a0d   Thumb Code     4  gd32f20x_gpio.o(i.gpio_bit_set)
    gpio_init                                0x08000a11   Thumb Code   172  gd32f20x_gpio.o(i.gpio_init)
    gpio_pin_remap1_config                   0x08000abd   Thumb Code   120  gd32f20x_gpio.o(i.gpio_pin_remap1_config)
    iap_load_app                             0x08000b39   Thumb Code    36  iap.o(i.iap_load_app)
    iap_write_appbin                         0x08000b65   Thumb Code    98  iap.o(i.iap_write_appbin)
    led_gpio_init                            0x08000bcd   Thumb Code    64  led.o(i.led_gpio_init)
    led_toggle                               0x08000c15   Thumb Code    40  led.o(i.led_toggle)
    main                                     0x08000c41   Thumb Code    62  main.o(i.main)
    nvic_irq_enable                          0x08000c89   Thumb Code   162  gd32f20x_misc.o(i.nvic_irq_enable)
    nvic_priority_group_set                  0x08000d35   Thumb Code    10  gd32f20x_misc.o(i.nvic_priority_group_set)
    rcu_clock_freq_get                       0x08000d49   Thumb Code   336  gd32f20x_rcu.o(i.rcu_clock_freq_get)
    rcu_periph_clock_enable                  0x08000eb5   Thumb Code    28  gd32f20x_rcu.o(i.rcu_periph_clock_enable)
    rcu_periph_reset_disable                 0x08000ed5   Thumb Code    28  gd32f20x_rcu.o(i.rcu_periph_reset_disable)
    rcu_periph_reset_enable                  0x08000ef5   Thumb Code    28  gd32f20x_rcu.o(i.rcu_periph_reset_enable)
    systick_clksource_set                    0x08001001   Thumb Code    40  gd32f20x_misc.o(i.systick_clksource_set)
    systick_config                           0x08001029   Thumb Code    50  systick.o(i.systick_config)
    usart_baudrate_set                       0x0800106d   Thumb Code   186  gd32f20x_usart.o(i.usart_baudrate_set)
    usart_config                             0x08001131   Thumb Code   146  usart.o(i.usart_config)
    usart_data_receive                       0x080011cd   Thumb Code    10  gd32f20x_usart.o(i.usart_data_receive)
    usart_data_transmit                      0x080011d7   Thumb Code     8  gd32f20x_usart.o(i.usart_data_transmit)
    usart_deinit                             0x080011e1   Thumb Code   210  gd32f20x_usart.o(i.usart_deinit)
    usart_enable                             0x080012bd   Thumb Code    10  gd32f20x_usart.o(i.usart_enable)
    usart_flag_get                           0x080012c7   Thumb Code    30  gd32f20x_usart.o(i.usart_flag_get)
    usart_hardware_flow_cts_config           0x080012e5   Thumb Code    20  gd32f20x_usart.o(i.usart_hardware_flow_cts_config)
    usart_hardware_flow_rts_config           0x080012f9   Thumb Code    20  gd32f20x_usart.o(i.usart_hardware_flow_rts_config)
    usart_interrupt_disable                  0x0800130d   Thumb Code    26  gd32f20x_usart.o(i.usart_interrupt_disable)
    usart_interrupt_enable                   0x08001327   Thumb Code    26  gd32f20x_usart.o(i.usart_interrupt_enable)
    usart_interrupt_flag_get                 0x08001341   Thumb Code    56  gd32f20x_usart.o(i.usart_interrupt_flag_get)
    usart_parity_config                      0x08001379   Thumb Code    16  gd32f20x_usart.o(i.usart_parity_config)
    usart_receive_config                     0x08001389   Thumb Code    20  gd32f20x_usart.o(i.usart_receive_config)
    usart_stop_bit_set                       0x0800139d   Thumb Code    16  gd32f20x_usart.o(i.usart_stop_bit_set)
    usart_transmit_config                    0x080013ad   Thumb Code    20  gd32f20x_usart.o(i.usart_transmit_config)
    usart_word_length_set                    0x080013c1   Thumb Code    16  gd32f20x_usart.o(i.usart_word_length_set)
    Region$$Table$$Base                      0x080013d0   Number         0  anon$$obj.o(Region$$Table)
    Region$$Table$$Limit                     0x080013f0   Number         0  anon$$obj.o(Region$$Table)
    USART_RX_STA                             0x20000010   Data           2  usart.o(.data)
    USART_RX_CNT                             0x20000014   Data           4  usart.o(.data)
    CodeUpdateFlag                           0x20000018   Data           1  usart.o(.data)
    Finish_Flag                              0x20000019   Data           1  usart.o(.data)
    RS485_RX_CNT                             0x2000001c   Data           4  rs485.o(.data)
    jump2app                                 0x20000020   Data           4  iap.o(.data)
    SystemCoreClock                          0x20000024   Data           4  system_gd32f20x.o(.data)
    __stdout                                 0x20000028   Data           4  stdout.o(.data)
    USART_RX_BUF                             0x2000002c   Data         200  usart.o(.bss)
    GDFLASH_BUF                              0x200000f4   Data        2048  flash.o(.bss)
    RS485_RX_BUF                             0x20001000   Data       20480  rs485.o(.ARM.__AT_0x20001000)
    iapbuf                                   0x20006000   Data        2048  iap.o(.bss)
    __initial_sp                             0x20008800   Data           0  startup_gd32f20x_cl.o(STACK)



==============================================================================

Memory Map of the image

  Image Entry point : 0x080001a9

  Load Region LR_IROM1 (Base: 0x08000000, Size: 0x0000141c, Max: 0x00040000, ABSOLUTE)

    Execution Region ER_IROM1 (Exec base: 0x08000000, Load base: 0x08000000, Size: 0x000013f0, Max: 0x00040000, ABSOLUTE)

    Exec Addr    Load Addr    Size         Type   Attr      Idx    E Section Name        Object

    0x08000000   0x08000000   0x000001a8   Data   RO         5717    RESET               startup_gd32f20x_cl.o
    0x080001a8   0x080001a8   0x00000000   Code   RO         5722  * .ARM.Collect$$$$00000000  mc_w.l(entry.o)
    0x080001a8   0x080001a8   0x00000004   Code   RO         5989    .ARM.Collect$$$$00000001  mc_w.l(entry2.o)
    0x080001ac   0x080001ac   0x00000004   Code   RO         5992    .ARM.Collect$$$$00000004  mc_w.l(entry5.o)
    0x080001b0   0x080001b0   0x00000000   Code   RO         5994    .ARM.Collect$$$$00000008  mc_w.l(entry7b.o)
    0x080001b0   0x080001b0   0x00000000   Code   RO         5996    .ARM.Collect$$$$0000000A  mc_w.l(entry8b.o)
    0x080001b0   0x080001b0   0x00000008   Code   RO         5997    .ARM.Collect$$$$0000000B  mc_w.l(entry9a.o)
    0x080001b8   0x080001b8   0x00000004   Code   RO         6004    .ARM.Collect$$$$0000000E  mc_w.l(entry12b.o)
    0x080001bc   0x080001bc   0x00000000   Code   RO         5999    .ARM.Collect$$$$0000000F  mc_w.l(entry10a.o)
    0x080001bc   0x080001bc   0x00000000   Code   RO         6001    .ARM.Collect$$$$00000011  mc_w.l(entry11a.o)
    0x080001bc   0x080001bc   0x00000004   Code   RO         5990    .ARM.Collect$$$$00002712  mc_w.l(entry2.o)
    0x080001c0   0x080001c0   0x00000006   Code   RO          334    .emb_text           sys.o
    0x080001c6   0x080001c6   0x00000002   PAD
    0x080001c8   0x080001c8   0x00000024   Code   RO         5718    .text               startup_gd32f20x_cl.o
    0x080001ec   0x080001ec   0x00000024   Code   RO         5727    .text               mc_w.l(memseta.o)
    0x08000210   0x08000210   0x00000024   Code   RO         6023    .text               mc_w.l(init.o)
    0x08000234   0x08000234   0x00000004   Code   RO            3    i.BusFault_Handler  gd32f20x_it.o
    0x08000238   0x08000238   0x00000002   Code   RO            4    i.DebugMon_Handler  gd32f20x_it.o
    0x0800023a   0x0800023a   0x00000022   Code   RO          435    i.GDFLASH_Read      flash.o
    0x0800025c   0x0800025c   0x00000006   Code   RO          436    i.GDFLASH_ReadHalfWord  flash.o
    0x08000262   0x08000262   0x00000002   PAD
    0x08000264   0x08000264   0x000000e8   Code   RO          437    i.GDFLASH_Write     flash.o
    0x0800034c   0x0800034c   0x00000026   Code   RO          438    i.GDFLASH_Write_NoCheck  flash.o
    0x08000372   0x08000372   0x00000004   Code   RO            5    i.HardFault_Handler  gd32f20x_it.o
    0x08000376   0x08000376   0x00000004   Code   RO            6    i.MemManage_Handler  gd32f20x_it.o
    0x0800037a   0x0800037a   0x00000002   Code   RO            7    i.NMI_Handler       gd32f20x_it.o
    0x0800037c   0x0800037c   0x00000002   Code   RO            8    i.PendSV_Handler    gd32f20x_it.o
    0x0800037e   0x0800037e   0x00000002   PAD
    0x08000380   0x08000380   0x000000d8   Code   RO          370    i.RS485_Init        rs485.o
    0x08000458   0x08000458   0x00000104   Code   RO          190    i.RS485_Jump        main.o
    0x0800055c   0x0800055c   0x00000002   Code   RO            9    i.SVC_Handler       gd32f20x_it.o
    0x0800055e   0x0800055e   0x00000002   Code   RO           10    i.SysTick_Handler   gd32f20x_it.o
    0x08000560   0x08000560   0x00000090   Code   RO         5676    i.SystemInit        system_gd32f20x.o
    0x080005f0   0x080005f0   0x00000044   Code   RO          372    i.UART3_IRQHandler  rs485.o
    0x08000634   0x08000634   0x00000040   Code   RO          289    i.USART0_IRQHandler  usart.o
    0x08000674   0x08000674   0x00000004   Code   RO           11    i.UsageFault_Handler  gd32f20x_it.o
    0x08000678   0x08000678   0x00000010   Code   RO         5730    i.__0printf$bare    mc_w.l(printfb.o)
    0x08000688   0x08000688   0x0000000e   Code   RO         6031    i.__scatterload_copy  mc_w.l(handlers.o)
    0x08000696   0x08000696   0x00000002   Code   RO         6032    i.__scatterload_null  mc_w.l(handlers.o)
    0x08000698   0x08000698   0x0000000e   Code   RO         6033    i.__scatterload_zeroinit  mc_w.l(handlers.o)
    0x080006a6   0x080006a6   0x00000022   Code   RO         5737    i._printf_core      mc_w.l(printfb.o)
    0x080006c8   0x080006c8   0x0000004c   Code   RO          251    i.delay_ms          systick.o
    0x08000714   0x08000714   0x00000022   Code   RO         2787    i.fmc_bank0_ready_wait  gd32f20x_fmc.o
    0x08000736   0x08000736   0x00000002   PAD
    0x08000738   0x08000738   0x00000030   Code   RO         2788    i.fmc_bank0_state_get  gd32f20x_fmc.o
    0x08000768   0x08000768   0x00000022   Code   RO         2792    i.fmc_bank1_ready_wait  gd32f20x_fmc.o
    0x0800078a   0x0800078a   0x00000002   PAD
    0x0800078c   0x0800078c   0x00000030   Code   RO         2793    i.fmc_bank1_state_get  gd32f20x_fmc.o
    0x080007bc   0x080007bc   0x000000c0   Code   RO         2797    i.fmc_halfword_program  gd32f20x_fmc.o
    0x0800087c   0x0800087c   0x0000002c   Code   RO         2802    i.fmc_lock          gd32f20x_fmc.o
    0x080008a8   0x080008a8   0x000000f8   Code   RO         2804    i.fmc_page_erase    gd32f20x_fmc.o
    0x080009a0   0x080009a0   0x00000044   Code   RO         2805    i.fmc_unlock        gd32f20x_fmc.o
    0x080009e4   0x080009e4   0x00000024   Code   RO          291    i.fputc             usart.o
    0x08000a08   0x08000a08   0x00000004   Code   RO         3062    i.gpio_bit_reset    gd32f20x_gpio.o
    0x08000a0c   0x08000a0c   0x00000004   Code   RO         3063    i.gpio_bit_set      gd32f20x_gpio.o
    0x08000a10   0x08000a10   0x000000ac   Code   RO         3071    i.gpio_init         gd32f20x_gpio.o
    0x08000abc   0x08000abc   0x0000007c   Code   RO         3077    i.gpio_pin_remap1_config  gd32f20x_gpio.o
    0x08000b38   0x08000b38   0x0000002c   Code   RO          482    i.iap_load_app      iap.o
    0x08000b64   0x08000b64   0x00000068   Code   RO          483    i.iap_write_appbin  iap.o
    0x08000bcc   0x08000bcc   0x00000048   Code   RO          409    i.led_gpio_init     led.o
    0x08000c14   0x08000c14   0x0000002c   Code   RO          410    i.led_toggle        led.o
    0x08000c40   0x08000c40   0x00000048   Code   RO          191    i.main              main.o
    0x08000c88   0x08000c88   0x000000ac   Code   RO         3589    i.nvic_irq_enable   gd32f20x_misc.o
    0x08000d34   0x08000d34   0x00000014   Code   RO         3590    i.nvic_priority_group_set  gd32f20x_misc.o
    0x08000d48   0x08000d48   0x0000016c   Code   RO         3740    i.rcu_clock_freq_get  gd32f20x_rcu.o
    0x08000eb4   0x08000eb4   0x00000020   Code   RO         3760    i.rcu_periph_clock_enable  gd32f20x_rcu.o
    0x08000ed4   0x08000ed4   0x00000020   Code   RO         3763    i.rcu_periph_reset_disable  gd32f20x_rcu.o
    0x08000ef4   0x08000ef4   0x00000020   Code   RO         3764    i.rcu_periph_reset_enable  gd32f20x_rcu.o
    0x08000f14   0x08000f14   0x000000e4   Code   RO         5677    i.system_clock_120m_hxtal  system_gd32f20x.o
    0x08000ff8   0x08000ff8   0x00000008   Code   RO         5678    i.system_clock_config  system_gd32f20x.o
    0x08001000   0x08001000   0x00000028   Code   RO         3594    i.systick_clksource_set  gd32f20x_misc.o
    0x08001028   0x08001028   0x00000044   Code   RO          252    i.systick_config    systick.o
    0x0800106c   0x0800106c   0x000000c4   Code   RO         5300    i.usart_baudrate_set  gd32f20x_usart.o
    0x08001130   0x08001130   0x0000009c   Code   RO          292    i.usart_config      usart.o
    0x080011cc   0x080011cc   0x0000000a   Code   RO         5303    i.usart_data_receive  gd32f20x_usart.o
    0x080011d6   0x080011d6   0x00000008   Code   RO         5304    i.usart_data_transmit  gd32f20x_usart.o
    0x080011de   0x080011de   0x00000002   PAD
    0x080011e0   0x080011e0   0x000000dc   Code   RO         5305    i.usart_deinit      gd32f20x_usart.o
    0x080012bc   0x080012bc   0x0000000a   Code   RO         5309    i.usart_enable      gd32f20x_usart.o
    0x080012c6   0x080012c6   0x0000001e   Code   RO         5311    i.usart_flag_get    gd32f20x_usart.o
    0x080012e4   0x080012e4   0x00000014   Code   RO         5315    i.usart_hardware_flow_cts_config  gd32f20x_usart.o
    0x080012f8   0x080012f8   0x00000014   Code   RO         5316    i.usart_hardware_flow_rts_config  gd32f20x_usart.o
    0x0800130c   0x0800130c   0x0000001a   Code   RO         5317    i.usart_interrupt_disable  gd32f20x_usart.o
    0x08001326   0x08001326   0x0000001a   Code   RO         5318    i.usart_interrupt_enable  gd32f20x_usart.o
    0x08001340   0x08001340   0x00000038   Code   RO         5320    i.usart_interrupt_flag_get  gd32f20x_usart.o
    0x08001378   0x08001378   0x00000010   Code   RO         5331    i.usart_parity_config  gd32f20x_usart.o
    0x08001388   0x08001388   0x00000014   Code   RO         5333    i.usart_receive_config  gd32f20x_usart.o
    0x0800139c   0x0800139c   0x00000010   Code   RO         5343    i.usart_stop_bit_set  gd32f20x_usart.o
    0x080013ac   0x080013ac   0x00000014   Code   RO         5347    i.usart_transmit_config  gd32f20x_usart.o
    0x080013c0   0x080013c0   0x00000010   Code   RO         5348    i.usart_word_length_set  gd32f20x_usart.o
    0x080013d0   0x080013d0   0x00000020   Data   RO         6029    Region$$Table       anon$$obj.o


    Execution Region RW_IRAM1 (Exec base: 0x20000000, Load base: 0x080013f0, Size: 0x00008800, Max: 0x00020000, ABSOLUTE)

    Exec Addr    Load Addr    Size         Type   Attr      Idx    E Section Name        Object

    0x20000000   0x080013f0   0x00000005   Data   RW          192    .data               main.o
    0x20000005   0x080013f5   0x00000003   PAD
    0x20000008   0x080013f8   0x00000007   Data   RW          253    .data               systick.o
    0x2000000f   0x080013ff   0x00000001   PAD
    0x20000010   0x08001400   0x0000000a   Data   RW          294    .data               usart.o
    0x2000001a   0x0800140a   0x00000002   PAD
    0x2000001c   0x0800140c   0x00000004   Data   RW          374    .data               rs485.o
    0x20000020   0x08001410   0x00000004   Data   RW          485    .data               iap.o
    0x20000024   0x08001414   0x00000004   Data   RW         5679    .data               system_gd32f20x.o
    0x20000028   0x08001418   0x00000004   Data   RW         6005    .data               mc_w.l(stdout.o)
    0x2000002c        -       0x000000c8   Zero   RW          293    .bss                usart.o
    0x200000f4        -       0x00000800   Zero   RW          440    .bss                flash.o
    0x200008f4   0x0800141c   0x0000070c   PAD
    0x20001000        -       0x00005000   Zero   RW          373    .ARM.__AT_0x20001000  rs485.o
    0x20006000        -       0x00000800   Zero   RW          484    .bss                iap.o
    0x20006800        -       0x00002000   Zero   RW         5715    STACK               startup_gd32f20x_cl.o


==============================================================================

Image component sizes


      Code (inc. data)   RO Data    RW Data    ZI Data      Debug   Object Name

       310         10          0          0       2048       3160   flash.o
       716         62          0          0          0       5056   gd32f20x_fmc.o
       304          4          0          0          0       2925   gd32f20x_gpio.o
        26          0          0          0          0      49526   gd32f20x_it.o
       232         20          0          0          0       2036   gd32f20x_misc.o
       460         40          0          0          0       3052   gd32f20x_rcu.o
       710         20          0          0          0      10437   gd32f20x_usart.o
       148         14          0          4       2048       1812   iap.o
       116         12          0          0          0        849   led.o
       332        110          0          5          0       4372   main.o
       284         32          0          4      20480       1584   rs485.o
        36          8        424          0       8192        772   startup_gd32f20x_cl.o
         6          0          0          0          0        308   sys.o
       380         38          0          4          0       1951   system_gd32f20x.o
       144         22          0          7          0       1432   systick.o
       256         30          0         10        200       2119   usart.o

    ----------------------------------------------------------------------
      4472        422        456         40      34772      91391   Object Totals
         0          0         32          0          0          0   (incl. Generated)
        12          0          0          6       1804          0   (incl. Padding)

    ----------------------------------------------------------------------

      Code (inc. data)   RO Data    RW Data    ZI Data      Debug   Library Member Name

         0          0          0          0          0          0   entry.o
         0          0          0          0          0          0   entry10a.o
         0          0          0          0          0          0   entry11a.o
         4          0          0          0          0          0   entry12b.o
         8          4          0          0          0          0   entry2.o
         4          0          0          0          0          0   entry5.o
         0          0          0          0          0          0   entry7b.o
         0          0          0          0          0          0   entry8b.o
         8          4          0          0          0          0   entry9a.o
        30          0          0          0          0          0   handlers.o
        36          8          0          0          0         68   init.o
        36          0          0          0          0        108   memseta.o
        50          8          0          0          0        152   printfb.o
         0          0          0          4          0          0   stdout.o

    ----------------------------------------------------------------------
       176         24          0          4          0        328   Library Totals
         0          0          0          0          0          0   (incl. Padding)

    ----------------------------------------------------------------------

      Code (inc. data)   RO Data    RW Data    ZI Data      Debug   Library Name

       176         24          0          4          0        328   mc_w.l

    ----------------------------------------------------------------------
       176         24          0          4          0        328   Library Totals

    ----------------------------------------------------------------------

==============================================================================


      Code (inc. data)   RO Data    RW Data    ZI Data      Debug   

      4648        446        456         44      34772      88595   Grand Totals
      4648        446        456         44      34772      88595   ELF Image Totals
      4648        446        456         44          0          0   ROM Totals

==============================================================================

    Total RO  Size (Code + RO Data)                 5104 (   4.98kB)
    Total RW  Size (RW Data + ZI Data)             34816 (  34.00kB)
    Total ROM Size (Code + RO Data + RW Data)       5148 (   5.03kB)

==============================================================================

